Component: ARM Compiler 5.05 update 2 (build 169) Tool: armlink [4d0f33]

==============================================================================

Section Cross References

    main.o(.text) refers to cpu_core.o(.text) for CPU_Init
    main.o(.text) refers to os_stat.o(.text) for OSStatTaskCPUUsageInit
    main.o(.text) refers to os_core.o(.text) for OSSchedRoundRobinCfg
    main.o(.text) refers to cpu_a.o(.text) for CPU_SR_Save
    main.o(.text) refers to task.o(.text) for Creat_EventFlag
    main.o(.text) refers to os_task.o(.text) for OSTaskDel
    main.o(.text) refers to led.o(.text) for LED_Config
    main.o(.text) refers to key.o(.text) for KEY_Init
    main.o(.text) refers to delay.o(.text) for delay_init
    main.o(.text) refers to power.o(.text) for WKUP_Init
    main.o(.text) refers to misc.o(.text) for NVIC_PriorityGroupConfig
    main.o(.text) refers to ble103.o(.text) for BLE103_Init
    main.o(.text) refers to stm32_iic.o(.text) for i2cInit
    main.o(.text) refers to mpu9250.o(.text) for Mpu9250_Work_Mode_Init
    main.o(.text) refers to stm32f10x_rcc.o(.text) for RCC_GetClocksFreq
    main.o(.text) refers to stm32f10x_gpio.o(.text) for GPIO_SetBits
    main.o(.text) refers to os_var.o(.data) for OSSchedLockNestingCtr
    main.o(.text) refers to stm32f10x_it.o(.data) for OS_Start_Flag
    main.o(.text) refers to main.o(.bss) for START_TASK_STK
    stm32f10x_it.o(.text) refers to os_core.o(.text) for OSIntEnter
    stm32f10x_it.o(.text) refers to stm32f10x_tim.o(.text) for TIM_GetITStatus
    stm32f10x_it.o(.text) refers to mpu9250.o(.text) for READ_MPU9250_ACCEL
    stm32f10x_it.o(.text) refers to stm32f10x_usart.o(.text) for USART_GetITStatus
    stm32f10x_it.o(.text) refers to os_flag.o(.text) for OSFlagPost
    stm32f10x_it.o(.text) refers to ble103.o(.text) for BLE1_Send_AT_Command
    stm32f10x_it.o(.text) refers to stm32f10x_gpio.o(.text) for GPIO_SetBits
    stm32f10x_it.o(.text) refers to stm32f10x_exti.o(.text) for EXTI_GetITStatus
    stm32f10x_it.o(.text) refers to power.o(.text) for Check_WKUP
    stm32f10x_it.o(.text) refers to stm32f10x_it.o(.data) for OS_Start_Flag
    stm32f10x_it.o(.text) refers to ble103.o(.bss) for BLE1
    stm32f10x_it.o(.text) refers to stm32f10x_it.o(.bss) for Uart1_Buffer
    stm32f10x_it.o(.text) refers to task.o(.bss) for MeasureEvent
    emg_signal.o(.text) refers to stm32f10x_rcc.o(.text) for RCC_APB2PeriphClockCmd
    emg_signal.o(.text) refers to stm32f10x_gpio.o(.text) for GPIO_Init
    emg_signal.o(.text) refers to stm32f10x_adc.o(.text) for ADC_DeInit
    emg_signal.o(.text) refers to stm32f10x_dma.o(.text) for DMA_DeInit
    emg_signal.o(.text) refers to misc.o(.text) for NVIC_Init
    emg_signal.o(.text) refers to queue.o(.text) for initQueue
    emg_signal.o(.text) refers to fadd.o(.text) for __aeabi_fadd
    emg_signal.o(.text) refers to fdiv.o(.text) for __aeabi_fdiv
    emg_signal.o(.text) refers to emg_signal.o(.bss) for ADCConvertedValue
    emg_signal.o(.text) refers to emg_signal.o(.data) for EmgSqAddr
    mpu9250.o(.text) refers to stm32_iic.o(.text) for I2C_Start
    mpu9250.o(.text) refers to delay.o(.text) for Delay_ms
    mpu9250.o(.text) refers to dflti.o(.text) for __aeabi_i2d
    mpu9250.o(.text) refers to dmul.o(.text) for __aeabi_dmul
    mpu9250.o(.text) refers to d2f.o(.text) for __aeabi_d2f
    mpu9250.o(.text) refers to mpu9250.o(.data) for i2c_dev
    mpu9250.o(.text) refers to mpu9250.o(.bss) for BUF
    mpu9250.o(.text) refers to stm32f10x_it.o(.data) for mpu_acce
    mpu9250.o(.text) refers to f2d.o(.text) for __aeabi_f2d
    mpu9250.o(.text) refers to fflti.o(.text) for __aeabi_i2f
    mpu9250.o(.text) refers to fdiv.o(.text) for __aeabi_fdiv
    mpu9250.o(.text) refers to fadd.o(.text) for __aeabi_fsub
    mpu9250.o(.text) refers to fmul.o(.text) for __aeabi_fmul
    mpu9250.o(.text) refers to stmflash.o(.text) for STMFLASH_Write
    mpu9250.o(.text) refers to ffixi.o(.text) for __aeabi_f2iz
    queue.o(.text) refers to malloc.o(i.malloc) for malloc
    queue.o(.text) refers to printf1.o(i.__0printf$1) for __2printf
    queue.o(.text) refers to malloc.o(i.free) for free
    spi.o(.text) refers to stm32f10x_spi.o(.text) for SPI_I2S_GetFlagStatus
    spi.o(.text) refers to stm32f10x_rcc.o(.text) for RCC_APB2PeriphClockCmd
    spi.o(.text) refers to stm32f10x_gpio.o(.text) for GPIO_Init
    stm32_iic.o(.text) refers to stm32f10x_rcc.o(.text) for RCC_APB2PeriphClockCmd
    stm32_iic.o(.text) refers to stm32f10x_gpio.o(.text) for GPIO_Init
    stmflash.o(.text) refers to stm32f10x_flash.o(.text) for FLASH_ProgramHalfWord
    stmflash.o(.text) refers to stmflash.o(.bss) for STMFLASH_BUF
    time.o(.text) refers to stm32f10x_rcc.o(.text) for RCC_APB1PeriphClockCmd
    time.o(.text) refers to stm32f10x_tim.o(.text) for TIM_TimeBaseInit
    time.o(.text) refers to misc.o(.text) for NVIC_Init
    time.o(.text) refers to ffltui.o(.text) for __aeabi_ui2f
    time.o(.text) refers to fdiv.o(.text) for __aeabi_fdiv
[...]
    I2C2_EV_IRQHandler                       0x08003283   Thumb Code     0  startup_stm32f10x_md.o(.text)
    PVD_IRQHandler                           0x08003283   Thumb Code     0  startup_stm32f10x_md.o(.text)
    RCC_IRQHandler                           0x08003283   Thumb Code     0  startup_stm32f10x_md.o(.text)
    RTCAlarm_IRQHandler                      0x08003283   Thumb Code     0  startup_stm32f10x_md.o(.text)
    RTC_IRQHandler                           0x08003283   Thumb Code     0  startup_stm32f10x_md.o(.text)
    SPI1_IRQHandler                          0x08003283   Thumb Code     0  startup_stm32f10x_md.o(.text)
    SPI2_IRQHandler                          0x08003283   Thumb Code     0  startup_stm32f10x_md.o(.text)
    TAMPER_IRQHandler                        0x08003283   Thumb Code     0  startup_stm32f10x_md.o(.text)
    TIM1_BRK_IRQHandler                      0x08003283   Thumb Code     0  startup_stm32f10x_md.o(.text)
    TIM1_CC_IRQHandler                       0x08003283   Thumb Code     0  startup_stm32f10x_md.o(.text)
    TIM1_TRG_COM_IRQHandler                  0x08003283   Thumb Code     0  startup_stm32f10x_md.o(.text)
    TIM1_UP_IRQHandler                       0x08003283   Thumb Code     0  startup_stm32f10x_md.o(.text)
    TIM4_IRQHandler                          0x08003283   Thumb Code     0  startup_stm32f10x_md.o(.text)
    USART2_IRQHandler                        0x08003283   Thumb Code     0  startup_stm32f10x_md.o(.text)
    USBWakeUp_IRQHandler                     0x08003283   Thumb Code     0  startup_stm32f10x_md.o(.text)
    USB_HP_CAN1_TX_IRQHandler                0x08003283   Thumb Code     0  startup_stm32f10x_md.o(.text)
    USB_LP_CAN1_RX0_IRQHandler               0x08003283   Thumb Code     0  startup_stm32f10x_md.o(.text)
    WWDG_IRQHandler                          0x08003283   Thumb Code     0  startup_stm32f10x_md.o(.text)
    SystemInit                               0x0800336b   Thumb Code    88  system_stm32f10x.o(.text)
    SystemCoreClockUpdate                    0x080033c3   Thumb Code   142  system_stm32f10x.o(.text)
    NVIC_PriorityGroupConfig                 0x0800347d   Thumb Code    10  misc.o(.text)
    NVIC_Init                                0x08003487   Thumb Code   100  misc.o(.text)
    NVIC_SetVectorTable                      0x080034eb   Thumb Code    14  misc.o(.text)
    NVIC_SystemLPConfig                      0x080034f9   Thumb Code    34  misc.o(.text)
    SysTick_CLKSourceConfig                  0x0800351b   Thumb Code    40  misc.o(.text)
    GPIO_DeInit                              0x08003559   Thumb Code   172  stm32f10x_gpio.o(.text)
    GPIO_AFIODeInit                          0x08003605   Thumb Code    20  stm32f10x_gpio.o(.text)
    GPIO_Init                                0x08003619   Thumb Code   278  stm32f10x_gpio.o(.text)
    GPIO_StructInit                          0x0800372f   Thumb Code    16  stm32f10x_gpio.o(.text)
    GPIO_ReadInputDataBit                    0x0800373f   Thumb Code    18  stm32f10x_gpio.o(.text)
    GPIO_ReadInputData                       0x08003751   Thumb Code     8  stm32f10x_gpio.o(.text)
    GPIO_ReadOutputDataBit                   0x08003759   Thumb Code    18  stm32f10x_gpio.o(.text)
    GPIO_ReadOutputData                      0x0800376b   Thumb Code     8  stm32f10x_gpio.o(.text)
    GPIO_SetBits                             0x08003773   Thumb Code     4  stm32f10x_gpio.o(.text)
    GPIO_ResetBits                           0x08003777   Thumb Code     4  stm32f10x_gpio.o(.text)
    GPIO_WriteBit                            0x0800377b   Thumb Code    10  stm32f10x_gpio.o(.text)
    GPIO_Write                               0x08003785   Thumb Code     4  stm32f10x_gpio.o(.text)
    GPIO_PinLockConfig                       0x08003789   Thumb Code    18  stm32f10x_gpio.o(.text)
    GPIO_EventOutputConfig                   0x0800379b   Thumb Code    26  stm32f10x_gpio.o(.text)
    GPIO_EventOutputCmd                      0x080037b5   Thumb Code     6  stm32f10x_gpio.o(.text)
    GPIO_PinRemapConfig                      0x080037bb   Thumb Code   138  stm32f10x_gpio.o(.text)
    GPIO_EXTILineConfig                      0x08003845   Thumb Code    66  stm32f10x_gpio.o(.text)
    GPIO_ETH_MediaInterfaceConfig            0x08003887   Thumb Code     8  stm32f10x_gpio.o(.text)
    USART_DeInit                             0x080038b5   Thumb Code   134  stm32f10x_usart.o(.text)
    USART_Init                               0x0800393b   Thumb Code   210  stm32f10x_usart.o(.text)
    USART_StructInit                         0x08003a0d   Thumb Code    24  stm32f10x_usart.o(.text)
    USART_ClockInit                          0x08003a25   Thumb Code    34  stm32f10x_usart.o(.text)
    USART_ClockStructInit                    0x08003a47   Thumb Code    12  stm32f10x_usart.o(.text)
    USART_Cmd                                0x08003a53   Thumb Code    24  stm32f10x_usart.o(.text)
    USART_ITConfig                           0x08003a6b   Thumb Code    74  stm32f10x_usart.o(.text)
    USART_DMACmd                             0x08003ab5   Thumb Code    18  stm32f10x_usart.o(.text)
    USART_SetAddress                         0x08003ac7   Thumb Code    18  stm32f10x_usart.o(.text)
    USART_WakeUpConfig                       0x08003ad9   Thumb Code    18  stm32f10x_usart.o(.text)
    USART_ReceiverWakeUpCmd                  0x08003aeb   Thumb Code    24  stm32f10x_usart.o(.text)
    USART_LINBreakDetectLengthConfig         0x08003b03   Thumb Code    18  stm32f10x_usart.o(.text)
    USART_LINCmd                             0x08003b15   Thumb Code    24  stm32f10x_usart.o(.text)
    USART_SendData                           0x08003b2d   Thumb Code     8  stm32f10x_usart.o(.text)
    USART_ReceiveData                        0x08003b35   Thumb Code    10  stm32f10x_usart.o(.text)
    USART_SendBreak                          0x08003b3f   Thumb Code    10  stm32f10x_usart.o(.text)
    USART_SetGuardTime                       0x08003b49   Thumb Code    16  stm32f10x_usart.o(.text)
    USART_SetPrescaler                       0x08003b59   Thumb Code    16  stm32f10x_usart.o(.text)
    USART_SmartCardCmd                       0x08003b69   Thumb Code    24  stm32f10x_usart.o(.text)
    USART_SmartCardNACKCmd                   0x08003b81   Thumb Code    24  stm32f10x_usart.o(.text)
    USART_HalfDuplexCmd                      0x08003b99   Thumb Code    24  stm32f10x_usart.o(.text)
    USART_OverSampling8Cmd                   0x08003bb1   Thumb Code    22  stm32f10x_usart.o(.text)
    USART_OneBitMethodCmd                    0x08003bc7   Thumb Code    24  stm32f10x_usart.o(.text)
    USART_IrDAConfig                         0x08003bdf   Thumb Code    18  stm32f10x_usart.o(.text)
    USART_IrDACmd                            0x08003bf1   Thumb Code    24  stm32f10x_usart.o(.text)
    USART_GetFlagStatus                      0x08003c09   Thumb Code    26  stm32f10x_usart.o(.text)
    USART_ClearFlag                          0x08003c23   Thumb Code    18  stm32f10x_usart.o(.text)
    USART_GetITStatus                        0x08003c35   Thumb Code    84  stm32f10x_usart.o(.text)
    USART_ClearITPendingBit                  0x08003c89   Thumb Code    52  stm32f10x_usart.o(.text)
    RCC_DeInit                               0x08003cbd   Thumb Code    64  stm32f10x_rcc.o(.text)
    RCC_HSEConfig                            0x08003cfd   Thumb Code    70  stm32f10x_rcc.o(.text)
    RCC_GetFlagStatus                        0x08003d43   Thumb Code    56  stm32f10x_rcc.o(.text)
    RCC_WaitForHSEStartUp                    0x08003d7b   Thumb Code    56  stm32f10x_rcc.o(.text)
    RCC_AdjustHSICalibrationValue            0x08003db3   Thumb Code    20  stm32f10x_rcc.o(.text)
    RCC_HSICmd                               0x08003dc7   Thumb Code     6  stm32f10x_rcc.o(.text)
    RCC_PLLConfig                            0x08003dcd   Thumb Code    24  stm32f10x_rcc.o(.text)
    RCC_PLLCmd                               0x08003de5   Thumb Code     6  stm32f10x_rcc.o(.text)
    RCC_SYSCLKConfig                         0x08003deb   Thumb Code    18  stm32f10x_rcc.o(.text)
    RCC_GetSYSCLKSource                      0x08003dfd   Thumb Code    10  stm32f10x_rcc.o(.text)
    RCC_HCLKConfig                           0x08003e07   Thumb Code    18  stm32f10x_rcc.o(.text)
    RCC_PCLK1Config                          0x08003e19   Thumb Code    18  stm32f10x_rcc.o(.text)
    RCC_PCLK2Config                          0x08003e2b   Thumb Code    20  stm32f10x_rcc.o(.text)
    RCC_ITConfig                             0x08003e3f   Thumb Code    26  stm32f10x_rcc.o(.text)
    RCC_USBCLKConfig                         0x08003e59   Thumb Code     8  stm32f10x_rcc.o(.text)
    RCC_ADCCLKConfig                         0x08003e61   Thumb Code    18  stm32f10x_rcc.o(.text)
    RCC_LSEConfig                            0x08003e73   Thumb Code    50  stm32f10x_rcc.o(.text)
    RCC_LSICmd                               0x08003ea5   Thumb Code     6  stm32f10x_rcc.o(.text)
    RCC_RTCCLKConfig                         0x08003eab   Thumb Code    12  stm32f10x_rcc.o(.text)
    RCC_RTCCLKCmd                            0x08003eb7   Thumb Code     8  stm32f10x_rcc.o(.text)
    RCC_GetClocksFreq                        0x08003ebf   Thumb Code   192  stm32f10x_rcc.o(.text)
    RCC_AHBPeriphClockCmd                    0x08003f7f   Thumb Code    26  stm32f10x_rcc.o(.text)
    RCC_APB2PeriphClockCmd                   0x08003f99   Thumb Code    26  stm32f10x_rcc.o(.text)
    RCC_APB1PeriphClockCmd                   0x08003fb3   Thumb Code    26  stm32f10x_rcc.o(.text)
    RCC_APB2PeriphResetCmd                   0x08003fcd   Thumb Code    26  stm32f10x_rcc.o(.text)
    RCC_APB1PeriphResetCmd                   0x08003fe7   Thumb Code    26  stm32f10x_rcc.o(.text)
    RCC_BackupResetCmd                       0x08004001   Thumb Code     8  stm32f10x_rcc.o(.text)
    RCC_ClockSecuritySystemCmd               0x08004009   Thumb Code     6  stm32f10x_rcc.o(.text)
    RCC_MCOConfig                            0x0800400f   Thumb Code     6  stm32f10x_rcc.o(.text)
    RCC_ClearFlag                            0x08004015   Thumb Code    14  stm32f10x_rcc.o(.text)
    RCC_GetITStatus                          0x08004023   Thumb Code    20  stm32f10x_rcc.o(.text)
    RCC_ClearITPendingBit                    0x08004037   Thumb Code     6  stm32f10x_rcc.o(.text)
    EXTI_DeInit                              0x08004069   Thumb Code    28  stm32f10x_exti.o(.text)
    EXTI_Init                                0x08004085   Thumb Code   142  stm32f10x_exti.o(.text)
    EXTI_StructInit                          0x08004113   Thumb Code    16  stm32f10x_exti.o(.text)
    EXTI_GenerateSWInterrupt                 0x08004123   Thumb Code    16  stm32f10x_exti.o(.text)
    EXTI_GetFlagStatus                       0x08004133   Thumb Code    22  stm32f10x_exti.o(.text)
    EXTI_ClearFlag                           0x08004149   Thumb Code     8  stm32f10x_exti.o(.text)
    EXTI_GetITStatus                         0x08004151   Thumb Code    34  stm32f10x_exti.o(.text)
    EXTI_ClearITPendingBit                   0x08004173   Thumb Code     8  stm32f10x_exti.o(.text)
    FLASH_SetLatency                         0x08004185   Thumb Code    18  stm32f10x_flash.o(.text)
    FLASH_HalfCycleAccessCmd                 0x08004197   Thumb Code    22  stm32f10x_flash.o(.text)
    FLASH_PrefetchBufferCmd                  0x080041ad   Thumb Code    22  stm32f10x_flash.o(.text)
    FLASH_Unlock                             0x080041c3   Thumb Code    12  stm32f10x_flash.o(.text)
    FLASH_UnlockBank1                        0x080041cf   Thumb Code    12  stm32f10x_flash.o(.text)
    FLASH_Lock                               0x080041db   Thumb Code    14  stm32f10x_flash.o(.text)
    FLASH_LockBank1                          0x080041e9   Thumb Code    14  stm32f10x_flash.o(.text)
    FLASH_GetBank1Status                     0x080041f7   Thumb Code    48  stm32f10x_flash.o(.text)
    FLASH_WaitForLastOperation               0x08004227   Thumb Code    38  stm32f10x_flash.o(.text)
    FLASH_ErasePage                          0x0800424d   Thumb Code    72  stm32f10x_flash.o(.text)
    FLASH_EraseAllPages                      0x08004295   Thumb Code    68  stm32f10x_flash.o(.text)
    FLASH_WaitForLastBank1Operation          0x080042d9   Thumb Code    38  stm32f10x_flash.o(.text)
    FLASH_EraseAllBank1Pages                 0x080042ff   Thumb Code    68  stm32f10x_flash.o(.text)
    FLASH_GetReadOutProtectionStatus         0x08004343   Thumb Code    20  stm32f10x_flash.o(.text)
    FLASH_EraseOptionBytes                   0x08004357   Thumb Code   150  stm32f10x_flash.o(.text)
    FLASH_ProgramWord                        0x080043ed   Thumb Code   102  stm32f10x_flash.o(.text)
    FLASH_ProgramHalfWord                    0x08004453   Thumb Code    60  stm32f10x_flash.o(.text)
    FLASH_ProgramOptionByteData              0x0800448f   Thumb Code    72  stm32f10x_flash.o(.text)
    FLASH_EnableWriteProtection              0x080044d7   Thumb Code   200  stm32f10x_flash.o(.text)
    FLASH_ReadOutProtection                  0x0800459f   Thumb Code   156  stm32f10x_flash.o(.text)
    FLASH_UserOptionByteConfig               0x0800463b   Thumb Code    88  stm32f10x_flash.o(.text)
    FLASH_GetUserOptionByte                  0x08004693   Thumb Code     8  stm32f10x_flash.o(.text)
    FLASH_GetWriteProtectionOptionByte       0x0800469b   Thumb Code     6  stm32f10x_flash.o(.text)
    FLASH_GetPrefetchBufferStatus            0x080046a1   Thumb Code    20  stm32f10x_flash.o(.text)
    FLASH_ITConfig                           0x080046b5   Thumb Code    26  stm32f10x_flash.o(.text)
    FLASH_GetFlagStatus                      0x080046cf   Thumb Code    42  stm32f10x_flash.o(.text)
    FLASH_ClearFlag                          0x080046f9   Thumb Code     6  stm32f10x_flash.o(.text)
    FLASH_GetStatus                          0x080046ff   Thumb Code    48  stm32f10x_flash.o(.text)
    PWR_DeInit                               0x08004741   Thumb Code    22  stm32f10x_pwr.o(.text)
    PWR_BackupAccessCmd                      0x08004757   Thumb Code     6  stm32f10x_pwr.o(.text)
    PWR_PVDCmd                               0x0800475d   Thumb Code     6  stm32f10x_pwr.o(.text)
    PWR_PVDLevelConfig                       0x08004763   Thumb Code    18  stm32f10x_pwr.o(.text)
    PWR_WakeUpPinCmd                         0x08004775   Thumb Code     8  stm32f10x_pwr.o(.text)
    PWR_EnterSTOPMode                        0x0800477d   Thumb Code    54  stm32f10x_pwr.o(.text)
    PWR_EnterSTANDBYMode                     0x080047b3   Thumb Code    42  stm32f10x_pwr.o(.text)
    PWR_GetFlagStatus                        0x080047dd   Thumb Code    20  stm32f10x_pwr.o(.text)
    PWR_ClearFlag                            0x080047f1   Thumb Code    14  stm32f10x_pwr.o(.text)
    TIM_DeInit                               0x0800480d   Thumb Code   424  stm32f10x_tim.o(.text)
    TIM_TimeBaseInit                         0x080049b5   Thumb Code   122  stm32f10x_tim.o(.text)
    TIM_OC1Init                              0x08004a2f   Thumb Code   132  stm32f10x_tim.o(.text)
    TIM_OC2Init                              0x08004ab3   Thumb Code   154  stm32f10x_tim.o(.text)
    TIM_OC3Init                              0x08004b4d   Thumb Code   150  stm32f10x_tim.o(.text)
    TIM_OC4Init                              0x08004be3   Thumb Code   182  stm32f10x_tim.o(.text)
    TIM_SetIC4Prescaler                      0x08004c99   Thumb Code    26  stm32f10x_tim.o(.text)
    TIM_SetIC3Prescaler                      0x08004d35   Thumb Code    18  stm32f10x_tim.o(.text)
    TIM_SetIC2Prescaler                      0x08004dc1   Thumb Code    26  stm32f10x_tim.o(.text)
    TIM_SetIC1Prescaler                      0x08004e5d   Thumb Code    18  stm32f10x_tim.o(.text)
    TIM_ICInit                               0x08004edb   Thumb Code   150  stm32f10x_tim.o(.text)
    TIM_PWMIConfig                           0x08004f71   Thumb Code   124  stm32f10x_tim.o(.text)
    TIM_BDTRConfig                           0x08004fed   Thumb Code    32  stm32f10x_tim.o(.text)
    TIM_TimeBaseStructInit                   0x0800500d   Thumb Code    18  stm32f10x_tim.o(.text)
    TIM_OCStructInit                         0x0800501f   Thumb Code    20  stm32f10x_tim.o(.text)
    TIM_ICStructInit                         0x08005033   Thumb Code    18  stm32f10x_tim.o(.text)
    TIM_BDTRStructInit                       0x08005045   Thumb Code    40  stm32f10x_tim.o(.text)
    TIM_Cmd                                  0x0800506d   Thumb Code    24  stm32f10x_tim.o(.text)
    TIM_CtrlPWMOutputs                       0x08005085   Thumb Code    30  stm32f10x_tim.o(.text)
    TIM_ITConfig                             0x080050a3   Thumb Code    18  stm32f10x_tim.o(.text)
    TIM_GenerateEvent                        0x080050b5   Thumb Code     4  stm32f10x_tim.o(.text)
    TIM_DMAConfig                            0x080050b9   Thumb Code    10  stm32f10x_tim.o(.text)
    TIM_DMACmd                               0x080050c3   Thumb Code    18  stm32f10x_tim.o(.text)
    TIM_InternalClockConfig                  0x080050d5   Thumb Code    12  stm32f10x_tim.o(.text)
    TIM_SelectInputTrigger                   0x080050e1   Thumb Code    18  stm32f10x_tim.o(.text)
    TIM_ITRxExternalClockConfig              0x080050f3   Thumb Code    24  stm32f10x_tim.o(.text)
    TIM_TIxExternalClockConfig               0x0800510b   Thumb Code    62  stm32f10x_tim.o(.text)
    TIM_ETRConfig                            0x08005149   Thumb Code    28  stm32f10x_tim.o(.text)
    TIM_ETRClockMode1Config                  0x08005165   Thumb Code    54  stm32f10x_tim.o(.text)
    TIM_ETRClockMode2Config                  0x0800519b   Thumb Code    32  stm32f10x_tim.o(.text)
    TIM_PrescalerConfig                      0x080051bb   Thumb Code     6  stm32f10x_tim.o(.text)
    TIM_CounterModeConfig                    0x080051c1   Thumb Code    18  stm32f10x_tim.o(.text)
    TIM_EncoderInterfaceConfig               0x080051d3   Thumb Code    66  stm32f10x_tim.o(.text)
    TIM_ForcedOC1Config                      0x08005215   Thumb Code    18  stm32f10x_tim.o(.text)
    TIM_ForcedOC2Config                      0x08005227   Thumb Code    26  stm32f10x_tim.o(.text)
    TIM_ForcedOC3Config                      0x08005241   Thumb Code    18  stm32f10x_tim.o(.text)
    TIM_ForcedOC4Config                      0x08005253   Thumb Code    26  stm32f10x_tim.o(.text)
    TIM_ARRPreloadConfig                     0x0800526d   Thumb Code    24  stm32f10x_tim.o(.text)
    TIM_SelectCOM                            0x08005285   Thumb Code    24  stm32f10x_tim.o(.text)
    TIM_SelectCCDMA                          0x0800529d   Thumb Code    24  stm32f10x_tim.o(.text)
    TIM_CCPreloadControl                     0x080052b5   Thumb Code    24  stm32f10x_tim.o(.text)
    TIM_OC1PreloadConfig                     0x080052cd   Thumb Code    18  stm32f10x_tim.o(.text)
    TIM_OC2PreloadConfig                     0x080052df   Thumb Code    26  stm32f10x_tim.o(.text)
    TIM_OC3PreloadConfig                     0x080052f9   Thumb Code    18  stm32f10x_tim.o(.text)
    TIM_OC4PreloadConfig                     0x0800530b   Thumb Code    26  stm32f10x_tim.o(.text)
    TIM_OC1FastConfig                        0x08005325   Thumb Code    18  stm32f10x_tim.o(.text)
    TIM_OC2FastConfig                        0x08005337   Thumb Code    26  stm32f10x_tim.o(.text)
    TIM_OC3FastConfig                        0x08005351   Thumb Code    18  stm32f10x_tim.o(.text)
    TIM_OC4FastConfig                        0x08005363   Thumb Code    26  stm32f10x_tim.o(.text)
    TIM_ClearOC1Ref                          0x0800537d   Thumb Code    18  stm32f10x_tim.o(.text)
    TIM_ClearOC2Ref                          0x0800538f   Thumb Code    24  stm32f10x_tim.o(.text)
    TIM_ClearOC3Ref                          0x080053a7   Thumb Code    18  stm32f10x_tim.o(.text)
    TIM_ClearOC4Ref                          0x080053b9   Thumb Code    24  stm32f10x_tim.o(.text)
    TIM_OC1PolarityConfig                    0x080053d1   Thumb Code    18  stm32f10x_tim.o(.text)
    TIM_OC1NPolarityConfig                   0x080053e3   Thumb Code    18  stm32f10x_tim.o(.text)
    TIM_OC2PolarityConfig                    0x080053f5   Thumb Code    26  stm32f10x_tim.o(.text)
    TIM_OC2NPolarityConfig                   0x0800540f   Thumb Code    26  stm32f10x_tim.o(.text)
    TIM_OC3PolarityConfig                    0x08005429   Thumb Code    26  stm32f10x_tim.o(.text)
    TIM_OC3NPolarityConfig                   0x08005443   Thumb Code    26  stm32f10x_tim.o(.text)
    TIM_OC4PolarityConfig                    0x0800545d   Thumb Code    26  stm32f10x_tim.o(.text)
    TIM_CCxCmd                               0x08005477   Thumb Code    30  stm32f10x_tim.o(.text)
    TIM_CCxNCmd                              0x08005495   Thumb Code    30  stm32f10x_tim.o(.text)
    TIM_SelectOCxM                           0x080054b3   Thumb Code    82  stm32f10x_tim.o(.text)
    TIM_UpdateDisableConfig                  0x08005505   Thumb Code    24  stm32f10x_tim.o(.text)
    TIM_UpdateRequestConfig                  0x0800551d   Thumb Code    24  stm32f10x_tim.o(.text)
    TIM_SelectHallSensor                     0x08005535   Thumb Code    24  stm32f10x_tim.o(.text)
    TIM_SelectOnePulseMode                   0x0800554d   Thumb Code    18  stm32f10x_tim.o(.text)
    TIM_SelectOutputTrigger                  0x0800555f   Thumb Code    18  stm32f10x_tim.o(.text)
    TIM_SelectSlaveMode                      0x08005571   Thumb Code    18  stm32f10x_tim.o(.text)
    TIM_SelectMasterSlaveMode                0x08005583   Thumb Code    18  stm32f10x_tim.o(.text)
    TIM_SetCounter                           0x08005595   Thumb Code     4  stm32f10x_tim.o(.text)
    TIM_SetAutoreload                        0x08005599   Thumb Code     4  stm32f10x_tim.o(.text)
    TIM_SetCompare1                          0x0800559d   Thumb Code     4  stm32f10x_tim.o(.text)
    TIM_SetCompare2                          0x080055a1   Thumb Code     4  stm32f10x_tim.o(.text)
    TIM_SetCompare3                          0x080055a5   Thumb Code     4  stm32f10x_tim.o(.text)
    TIM_SetCompare4                          0x080055a9   Thumb Code     6  stm32f10x_tim.o(.text)
    TIM_SetClockDivision                     0x080055af   Thumb Code    18  stm32f10x_tim.o(.text)
    TIM_GetCapture1                          0x080055c1   Thumb Code     6  stm32f10x_tim.o(.text)
    TIM_GetCapture2                          0x080055c7   Thumb Code     6  stm32f10x_tim.o(.text)
    TIM_GetCapture3                          0x080055cd   Thumb Code     6  stm32f10x_tim.o(.text)
    TIM_GetCapture4                          0x080055d3   Thumb Code     8  stm32f10x_tim.o(.text)
    TIM_GetCounter                           0x080055db   Thumb Code     6  stm32f10x_tim.o(.text)
    TIM_GetPrescaler                         0x080055e1   Thumb Code     6  stm32f10x_tim.o(.text)
    TIM_GetFlagStatus                        0x080055e7   Thumb Code    18  stm32f10x_tim.o(.text)
    TIM_ClearFlag                            0x080055f9   Thumb Code     6  stm32f10x_tim.o(.text)
    TIM_GetITStatus                          0x080055ff   Thumb Code    34  stm32f10x_tim.o(.text)
    TIM_ClearITPendingBit                    0x08005621   Thumb Code     6  stm32f10x_tim.o(.text)
    BSP_CPU_ClkFreq                          0x08005629   Thumb Code    16  bsp.o(.text)
    CPU_TS_TmrInit                           0x08005639   Thumb Code    44  bsp.o(.text)
    CPU_TS_TmrRd                             0x08005665   Thumb Code     6  bsp.o(.text)
    CPU_TS32_to_uSec                         0x0800566b   Thumb Code    54  bsp.o(.text)
    CPU_NameClr                              0x080056ad   Thumb Code    42  cpu_core.o(.text)
    CPU_Init                                 0x080056ed   Thumb Code    12  cpu_core.o(.text)
    CPU_SW_Exception                         0x080056f9   Thumb Code     4  cpu_core.o(.text)
    CPU_NameGet                              0x080056fd   Thumb Code    70  cpu_core.o(.text)
    CPU_NameSet                              0x08005743   Thumb Code    96  cpu_core.o(.text)
    CPU_TS_Get32                             0x080057a3   Thumb Code    12  cpu_core.o(.text)
    CPU_TS_Update                            0x080057af   Thumb Code     2  cpu_core.o(.text)
    CPU_TS_TmrFreqGet                        0x080057b1   Thumb Code    30  cpu_core.o(.text)
    CPU_TS_TmrFreqSet                        0x080057cf   Thumb Code     6  cpu_core.o(.text)
    CPU_CntLeadZeros08                       0x080057d5   Thumb Code    18  cpu_core.o(.text)
    CPU_CntLeadZeros16                       0x080057e7   Thumb Code    18  cpu_core.o(.text)
    CPU_CntLeadZeros32                       0x080057f9   Thumb Code    18  cpu_core.o(.text)
    CPU_CntLeadZeros64                       0x0800580b   Thumb Code   188  cpu_core.o(.text)
    CPU_CntTrailZeros08                      0x080058c7   Thumb Code    22  cpu_core.o(.text)
    CPU_CntTrailZeros16                      0x080058dd   Thumb Code    22  cpu_core.o(.text)
    CPU_CntTrailZeros32                      0x080058f3   Thumb Code    22  cpu_core.o(.text)
    CPU_CntTrailZeros64                      0x08005909   Thumb Code    62  cpu_core.o(.text)
    CPU_IntDis                               0x08005955   Thumb Code     0  cpu_a.o(.text)
    CPU_IntEn                                0x08005959   Thumb Code     0  cpu_a.o(.text)
    CPU_SR_Save                              0x0800595d   Thumb Code     0  cpu_a.o(.text)
    CPU_SR_Restore                           0x08005965   Thumb Code     0  cpu_a.o(.text)
    CPU_WaitForInt                           0x0800596b   Thumb Code     0  cpu_a.o(.text)
    CPU_WaitForExcept                        0x0800596f   Thumb Code     0  cpu_a.o(.text)
    CPU_CntLeadZeros                         0x08005973   Thumb Code     0  cpu_a.o(.text)
    CPU_CntTrailZeros                        0x08005979   Thumb Code     0  cpu_a.o(.text)
    CPU_RevBits                              0x08005983   Thumb Code     0  cpu_a.o(.text)
    ASCII_IsAlpha                            0x08005989   Thumb Code    48  lib_ascii.o(.text)
    ASCII_IsAlphaNum                         0x080059b9   Thumb Code    76  lib_ascii.o(.text)
    ASCII_IsLower                            0x08005a05   Thumb Code    20  lib_ascii.o(.text)
    ASCII_IsUpper                            0x08005a19   Thumb Code    20  lib_ascii.o(.text)
    ASCII_IsDig                              0x08005a2d   Thumb Code    20  lib_ascii.o(.text)
    ASCII_IsDigOct                           0x08005a41   Thumb Code    20  lib_ascii.o(.text)
    ASCII_IsDigHex                           0x08005a55   Thumb Code    36  lib_ascii.o(.text)
    ASCII_IsBlank                            0x08005a79   Thumb Code    20  lib_ascii.o(.text)
    ASCII_IsSpace                            0x08005a8d   Thumb Code    36  lib_ascii.o(.text)
    ASCII_IsPrint                            0x08005ab1   Thumb Code    20  lib_ascii.o(.text)
    ASCII_IsGraph                            0x08005ac5   Thumb Code    20  lib_ascii.o(.text)
    ASCII_IsPunct                            0x08005ad9   Thumb Code   134  lib_ascii.o(.text)
    ASCII_IsCtrl                             0x08005b5f   Thumb Code    26  lib_ascii.o(.text)
    ASCII_ToLower                            0x08005b79   Thumb Code    32  lib_ascii.o(.text)
    ASCII_ToUpper                            0x08005b99   Thumb Code    32  lib_ascii.o(.text)
    ASCII_Cmp                                0x08005bb9   Thumb Code    38  lib_ascii.o(.text)
    Mem_Init                                 0x08005be1   Thumb Code    54  lib_mem.o(.text)
    Mem_Set                                  0x08005c17   Thumb Code    84  lib_mem.o(.text)
    Mem_Clr                                  0x08005c6b   Thumb Code    18  lib_mem.o(.text)
    Mem_Move                                 0x08005c7d   Thumb Code   186  lib_mem.o(.text)
    Mem_Cmp                                  0x08005d37   Thumb Code   192  lib_mem.o(.text)
    Mem_HeapAlloc                            0x08005e6f   Thumb Code   168  lib_mem.o(.text)
    Mem_SegGetSizeRem                        0x08005f17   Thumb Code   108  lib_mem.o(.text)
    Mem_HeapGetSizeRem                       0x08005f83   Thumb Code    22  lib_mem.o(.text)
    Mem_PoolClr                              0x08005f99   Thumb Code    80  lib_mem.o(.text)
    Mem_PoolCreate                           0x08005fe9   Thumb Code   838  lib_mem.o(.text)
    Mem_PoolBlkGetNbrAvail                   0x0800632f   Thumb Code    52  lib_mem.o(.text)
    Mem_PoolBlkGet                           0x08006363   Thumb Code   126  lib_mem.o(.text)
    Mem_PoolBlkGetUsedAtIx                   0x080063e1   Thumb Code   140  lib_mem.o(.text)
    Mem_PoolBlkFree                          0x0800646d   Thumb Code   152  lib_mem.o(.text)
    Mem_PoolBlkIxGet                         0x08006505   Thumb Code   162  lib_mem.o(.text)
    Str_Len_N                                0x080065a9   Thumb Code    28  lib_str.o(.text)
    Str_Len                                  0x080065c5   Thumb Code    20  lib_str.o(.text)
    Str_Copy_N                               0x080065d9   Thumb Code    70  lib_str.o(.text)
    Str_Copy                                 0x0800661f   Thumb Code    24  lib_str.o(.text)
    Str_Cat_N                                0x08006637   Thumb Code    90  lib_str.o(.text)
    Str_Cat                                  0x08006691   Thumb Code    24  lib_str.o(.text)
    Str_Cmp_N                                0x080066a9   Thumb Code   156  lib_str.o(.text)
    Str_Cmp                                  0x08006745   Thumb Code    24  lib_str.o(.text)
    Str_CmpIgnoreCase_N                      0x0800675d   Thumb Code   264  lib_str.o(.text)
    Str_CmpIgnoreCase                        0x08006865   Thumb Code    24  lib_str.o(.text)
    Str_Char_N                               0x0800687d   Thumb Code    74  lib_str.o(.text)
    Str_Char                                 0x080068c7   Thumb Code    24  lib_str.o(.text)
    Str_Char_Last_N                          0x080068df   Thumb Code    76  lib_str.o(.text)
    Str_Char_Last                            0x0800692b   Thumb Code    24  lib_str.o(.text)
    Str_Char_Replace_N                       0x08006943   Thumb Code    52  lib_str.o(.text)
    Str_Char_Replace                         0x08006977   Thumb Code    28  lib_str.o(.text)
    Str_Str_N                                0x08006993   Thumb Code   182  lib_str.o(.text)
    Str_Str                                  0x08006a49   Thumb Code    24  lib_str.o(.text)
    Str_FmtNbr_Int32U                        0x08006c3d   Thumb Code    46  lib_str.o(.text)
    Str_FmtNbr_Int32S                        0x08006c6b   Thumb Code    62  lib_str.o(.text)
    Str_ParseNbr_Int32U                      0x08006e67   Thumb Code    30  lib_str.o(.text)
    Str_ParseNbr_Int32S                      0x08006e85   Thumb Code    74  lib_str.o(.text)
    Mem_Copy                                 0x08006ed5   Thumb Code     0  lib_mem_a.o(.text)
    OSCfg_Init                               0x080070f5   Thumb Code    86  os_cfg_app.o(.text)
    OS_IdleTask                              0x080071f1   Thumb Code    60  os_core.o(.text)
    OS_IdleTaskInit                          0x0800722d   Thumb Code    68  os_core.o(.text)
    OS_RdyListInit                           0x08007271   Thumb Code    32  os_core.o(.text)
    OSInit                                   0x08007291   Thumb Code   300  os_core.o(.text)
    OSIntEnter                               0x080073bd   Thumb Code    34  os_core.o(.text)
    OSIntExit                                0x080073df   Thumb Code   188  os_core.o(.text)
    OSSched                                  0x0800749b   Thumb Code   130  os_core.o(.text)
    OS_SchedLockTimeMeasStart                0x0800751d   Thumb Code    20  os_core.o(.text)
    OSSchedLock                              0x08007531   Thumb Code   104  os_core.o(.text)
    OS_SchedLockTimeMeasStop                 0x08007599   Thumb Code    44  os_core.o(.text)
    OSSchedUnlock                            0x080075c5   Thumb Code   286  os_core.o(.text)
    OSSchedRoundRobinCfg                     0x080076e3   Thumb Code    88  os_core.o(.text)
    OS_RdyListMoveHeadToTail                 0x0800773b   Thumb Code    68  os_core.o(.text)
    OSSchedRoundRobinYield                   0x0800777f   Thumb Code   164  os_core.o(.text)
    OSStart                                  0x08007823   Thumb Code    78  os_core.o(.text)
    OSVersion                                0x08007871   Thumb Code    12  os_core.o(.text)
    OS_PendDbgNameAdd                        0x0800787d   Thumb Code    66  os_core.o(.text)
    OS_PendListInsertPrio                    0x080078bf   Thumb Code   102  os_core.o(.text)
    OS_PendDataInit                          0x08007925   Thumb Code    38  os_core.o(.text)
    OS_RdyListRemove                         0x0800794b   Thumb Code    86  os_core.o(.text)
    OS_TaskBlock                             0x080079a1   Thumb Code    56  os_core.o(.text)
    OS_Pend                                  0x080079d9   Thumb Code    98  os_core.o(.text)
    OS_PendListRemove1                       0x08007a3b   Thumb Code   136  os_core.o(.text)
    OS_PendListRemove                        0x08007ac3   Thumb Code    48  os_core.o(.text)
    OS_PendAbort1                            0x08007af3   Thumb Code    36  os_core.o(.text)
    OS_RdyListInsertHead                     0x08007b17   Thumb Code    58  os_core.o(.text)
    OS_RdyListInsertTail                     0x08007b51   Thumb Code    56  os_core.o(.text)
    OS_RdyListInsert                         0x08007b89   Thumb Code    40  os_core.o(.text)
    OS_TaskRdy                               0x08007bb1   Thumb Code    28  os_core.o(.text)
    OS_PendAbort                             0x08007bcd   Thumb Code   166  os_core.o(.text)
    OS_PendDbgNameRemove                     0x08007c73   Thumb Code    34  os_core.o(.text)
    OS_PendListChangePrio                    0x08007c95   Thumb Code    70  os_core.o(.text)
    OS_PendListInit                          0x08007cdb   Thumb Code    10  os_core.o(.text)
    OS_PendListInsertHead                    0x08007ce5   Thumb Code    32  os_core.o(.text)
    OS_PendObjDel1                           0x08007d05   Thumb Code    36  os_core.o(.text)
    OS_PendObjDel                            0x08007d29   Thumb Code   162  os_core.o(.text)
    OS_Post1                                 0x08007dcb   Thumb Code    42  os_core.o(.text)
    OS_Post                                  0x08007df5   Thumb Code   192  os_core.o(.text)
    OS_Sched0                                0x08007eb5   Thumb Code    68  os_core.o(.text)
    OS_SchedRoundRobin                       0x08007ef9   Thumb Code   218  os_core.o(.text)
    OS_Dbg_Init                              0x08007fe1   Thumb Code   146  os_dbg.o(.text)
    OS_FlagDbgListAdd                        0x08008191   Thumb Code    38  os_flag.o(.text)
    OSFlagCreate                             0x080081b7   Thumb Code   172  os_flag.o(.text)
    OS_FlagClr                               0x08008263   Thumb Code    28  os_flag.o(.text)
    OS_FlagDbgListRemove                     0x0800827f   Thumb Code    44  os_flag.o(.text)
    OSFlagDel                                0x080082ab   Thumb Code   594  os_flag.o(.text)
    OS_FlagBlock                             0x080084fd   Thumb Code    58  os_flag.o(.text)
    OSFlagPend                               0x08008537   Thumb Code  1488  os_flag.o(.text)
    OSFlagPendAbort                          0x08008b07   Thumb Code   292  os_flag.o(.text)
    OSFlagPendGetFlagsRdy                    0x08008c2b   Thumb Code    68  os_flag.o(.text)
    OS_FlagTaskRdy                           0x08008c6f   Thumb Code    86  os_flag.o(.text)
    OS_FlagPost                              0x08008cc5   Thumb Code   570  os_flag.o(.text)
    OSFlagPost                               0x08008eff   Thumb Code   146  os_flag.o(.text)
    OS_FlagInit                              0x08008f91   Thumb Code    14  os_flag.o(.text)
    OS_IntQPost                              0x08008fb9   Thumb Code   216  os_int.o(.text)
    OS_IntQRePost                            0x08009091   Thumb Code   360  os_int.o(.text)
    OS_IntQTask                              0x080091f9   Thumb Code   162  os_int.o(.text)
    OS_IntQTaskInit                          0x0800929b   Thumb Code   208  os_int.o(.text)
    OS_MemDbgListAdd                         0x080093fd   Thumb Code    34  os_mem.o(.text)
    OSMemCreate                              0x0800941f   Thumb Code   288  os_mem.o(.text)
    OSMemGet                                 0x0800953f   Thumb Code   100  os_mem.o(.text)
    OSMemPut                                 0x080095a3   Thumb Code   112  os_mem.o(.text)
    OS_MemInit                               0x08009613   Thumb Code    14  os_mem.o(.text)
    OS_MsgPoolCreate                         0x08009635   Thumb Code    54  os_msg.o(.text)
    OS_MsgPoolInit                           0x0800966b   Thumb Code    70  os_msg.o(.text)
    OS_MsgQFreeAll                           0x080096b1   Thumb Code    62  os_msg.o(.text)
    OS_MsgQInit                              0x080096ef   Thumb Code    14  os_msg.o(.text)
    OS_MsgQGet                               0x080096fd   Thumb Code    98  os_msg.o(.text)
    OS_MsgQPut                               0x0800975f   Thumb Code   246  os_msg.o(.text)
    OS_MutexDbgListAdd                       0x08009861   Thumb Code    38  os_mutex.o(.text)
    OSMutexCreate                            0x08009887   Thumb Code   178  os_mutex.o(.text)
    OS_MutexClr                              0x08009939   Thumb Code    38  os_mutex.o(.text)
    OS_MutexDbgListRemove                    0x0800995f   Thumb Code    44  os_mutex.o(.text)
    OSMutexDel                               0x0800998b   Thumb Code   842  os_mutex.o(.text)
    OSMutexPend                              0x08009cd5   Thumb Code   706  os_mutex.o(.text)
    OSMutexPendAbort                         0x08009f97   Thumb Code   314  os_mutex.o(.text)
    OSMutexPost                              0x0800a0d1   Thumb Code   564  os_mutex.o(.text)
    OS_MutexInit                             0x0800a305   Thumb Code    14  os_mutex.o(.text)
    OS_PrioInit                              0x0800a335   Thumb Code    20  os_prio.o(.text)
    OS_PrioGetHighest                        0x0800a349   Thumb Code    36  os_prio.o(.text)
    OS_PrioInsert                            0x0800a36d   Thumb Code    32  os_prio.o(.text)
    OS_PrioRemove                            0x0800a38d   Thumb Code    32  os_prio.o(.text)
    OS_QDbgListAdd                           0x0800a3b1   Thumb Code    38  os_q.o(.text)
    OSQCreate                                0x0800a3d7   Thumb Code   186  os_q.o(.text)
    OS_QClr                                  0x0800a491   Thumb Code    40  os_q.o(.text)
    OS_QDbgListRemove                        0x0800a4b9   Thumb Code    44  os_q.o(.text)
    OSQDel                                   0x0800a4e5   Thumb Code   362  os_q.o(.text)
    OSQFlush                                 0x0800a64f   Thumb Code   210  os_q.o(.text)
    OSQPend                                  0x0800a721   Thumb Code   538  os_q.o(.text)
    OSQPendAbort                             0x0800a93b   Thumb Code   292  os_q.o(.text)
    OS_QPost                                 0x0800aa5f   Thumb Code   324  os_q.o(.text)
    OSQPost                                  0x0800aba3   Thumb Code   198  os_q.o(.text)
    OS_QInit                                 0x0800ac69   Thumb Code    14  os_q.o(.text)
    OS_SemDbgListAdd                         0x0800ac89   Thumb Code    38  os_sem.o(.text)
    OSSemCreate                              0x0800acaf   Thumb Code   172  os_sem.o(.text)
    OS_SemClr                                0x0800ad5b   Thumb Code    28  os_sem.o(.text)
    OS_SemDbgListRemove                      0x0800ad77   Thumb Code    44  os_sem.o(.text)
    OSSemDel                                 0x0800ada3   Thumb Code   362  os_sem.o(.text)
    OSSemPend                                0x0800af0d   Thumb Code   504  os_sem.o(.text)
    OSSemPendAbort                           0x0800b105   Thumb Code   292  os_sem.o(.text)
    OS_SemPost                               0x0800b229   Thumb Code   350  os_sem.o(.text)
    OSSemPost                                0x0800b387   Thumb Code   144  os_sem.o(.text)
    OSSemSet                                 0x0800b417   Thumb Code   138  os_sem.o(.text)
    OS_SemInit                               0x0800b4a1   Thumb Code    14  os_sem.o(.text)
    OSStatReset                              0x0800b4b9   Thumb Code   270  os_stat.o(.text)
    OSStatTaskCPUUsageInit                   0x0800b5c7   Thumb Code   212  os_stat.o(.text)
    OS_StatTask                              0x0800b69b   Thumb Code   888  os_stat.o(.text)
    OS_StatTaskInit                          0x0800ba13   Thumb Code   138  os_stat.o(.text)
    OS_TaskDbgListAdd                        0x0800baf1   Thumb Code    42  os_task.o(.text)
    OS_TaskInitTCB                           0x0800bb1b   Thumb Code   186  os_task.o(.text)
    OSTaskCreate                             0x0800bbd5   Thumb Code   566  os_task.o(.text)
    OS_TaskDbgListRemove                     0x0800be0b   Thumb Code    64  os_task.o(.text)
    OSTaskDel                                0x0800be4b   Thumb Code   482  os_task.o(.text)
    OSTaskQFlush                             0x0800c02d   Thumb Code   214  os_task.o(.text)
    OSTaskQPend                              0x0800c103   Thumb Code   514  os_task.o(.text)
    OS_TaskQPost                             0x0800c305   Thumb Code   532  os_task.o(.text)
    OSTaskQPost                              0x0800c519   Thumb Code   114  os_task.o(.text)
    OSTaskRegGet                             0x0800c58b   Thumb Code    78  os_task.o(.text)
    OSTaskRegGetID                           0x0800c5d9   Thumb Code    84  os_task.o(.text)
    OSTaskRegSet                             0x0800c62d   Thumb Code    78  os_task.o(.text)
    OS_TaskResume                            0x0800c67b   Thumb Code   338  os_task.o(.text)
    OSTaskResume                             0x0800c7cd   Thumb Code   112  os_task.o(.text)
    OSTaskSemPend                            0x0800c83d   Thumb Code   520  os_task.o(.text)
    OSTaskSemPendAbort                       0x0800ca45   Thumb Code   270  os_task.o(.text)
    OS_TaskSemPost                           0x0800cb53   Thumb Code  1232  os_task.o(.text)
    OSTaskSemPost                            0x0800d023   Thumb Code    98  os_task.o(.text)
    OSTaskSemSet                             0x0800d085   Thumb Code    80  os_task.o(.text)
    OSTaskStkChk                             0x0800d0d5   Thumb Code   204  os_task.o(.text)
    OS_TaskSuspend                           0x0800d1a1   Thumb Code   328  os_task.o(.text)
    OSTaskSuspend                            0x0800d2e9   Thumb Code    78  os_task.o(.text)
    OSTaskTimeQuantaSet                      0x0800d337   Thumb Code    96  os_task.o(.text)
    OS_TaskInit                              0x0800d397   Thumb Code    18  os_task.o(.text)
    OS_TaskReturn                            0x0800d3a9   Thumb Code    20  os_task.o(.text)
    OS_TickListRemove                        0x0800d3e9   Thumb Code    56  os_tick.o(.text)
    OS_TickListUpdate                        0x0800d421   Thumb Code   480  os_tick.o(.text)
    OS_TickTask                              0x0800d601   Thumb Code    38  os_tick.o(.text)
    OS_TickListInit                          0x0800d627   Thumb Code    32  os_tick.o(.text)
    OS_TickTaskInit                          0x0800d647   Thumb Code   130  os_tick.o(.text)
    OS_TickListInsert                        0x0800d6c9   Thumb Code   502  os_tick.o(.text)
    OS_TickListResetPeak                     0x0800d8bf   Thumb Code    28  os_tick.o(.text)
    OSTimeDly                                0x0800d8e5   Thumb Code   266  os_time.o(.text)
    OSTimeDlyHMSM                            0x0800d9ef   Thumb Code   480  os_time.o(.text)
    OSTimeDlyResume                          0x0800dbcf   Thumb Code   466  os_time.o(.text)
    OSTimeGet                                0x0800dda1   Thumb Code    46  os_time.o(.text)
    OSTimeSet                                0x0800ddcf   Thumb Code    46  os_time.o(.text)
    OSTimeTick                               0x0800ddfd   Thumb Code    54  os_time.o(.text)
    OS_TmrDbgListAdd                         0x0800de49   Thumb Code    34  os_tmr.o(.text)
    OSTmrCreate                              0x0800de6b   Thumb Code   248  os_tmr.o(.text)
    OS_TmrClr                                0x0800df63   Thumb Code    36  os_tmr.o(.text)
    OS_TmrUnlink                             0x0800df87   Thumb Code    72  os_tmr.o(.text)
    OS_TmrDbgListRemove                      0x0800dfcf   Thumb Code    44  os_tmr.o(.text)
    OSTmrDel                                 0x0800dffb   Thumb Code   176  os_tmr.o(.text)
    OSTmrRemainGet                           0x0800e0ab   Thumb Code   184  os_tmr.o(.text)
    OS_TmrLink                               0x0800e163   Thumb Code   196  os_tmr.o(.text)
    OSTmrStart                               0x0800e227   Thumb Code   210  os_tmr.o(.text)
    OSTmrStateGet                            0x0800e2f9   Thumb Code   134  os_tmr.o(.text)
    OSTmrStop                                0x0800e37f   Thumb Code   232  os_tmr.o(.text)
    OS_TmrTask                               0x0800e467   Thumb Code   176  os_tmr.o(.text)
    OS_TmrInit                               0x0800e517   Thumb Code   208  os_tmr.o(.text)
    OS_TmrResetPeak                          0x0800e5e7   Thumb Code    28  os_tmr.o(.text)
    OSIdleTaskHook                           0x0800e661   Thumb Code    16  os_cpu_c.o(.text)
    OSInitHook                               0x0800e671   Thumb Code    28  os_cpu_c.o(.text)
    OSStatTaskHook                           0x0800e68d   Thumb Code    16  os_cpu_c.o(.text)
    OSTaskCreateHook                         0x0800e69d   Thumb Code    20  os_cpu_c.o(.text)
    OSTaskDelHook                            0x0800e6b1   Thumb Code    20  os_cpu_c.o(.text)
    OSTaskReturnHook                         0x0800e6c5   Thumb Code    20  os_cpu_c.o(.text)
    OSTaskStkInit                            0x0800e6d9   Thumb Code   192  os_cpu_c.o(.text)
    OSTaskSwHook                             0x0800e799   Thumb Code   120  os_cpu_c.o(.text)
    OSTimeTickHook                           0x0800e811   Thumb Code    16  os_cpu_c.o(.text)
    OS_CPU_SysTickHandler                    0x0800e821   Thumb Code    52  os_cpu_c.o(.text)
    OS_CPU_SysTickInit                       0x0800e855   Thumb Code    44  os_cpu_c.o(.text)
    __aeabi_uldivmod                         0x0800e8c1   Thumb Code    98  uldiv.o(.text)
    __aeabi_memcpy                           0x0800e923   Thumb Code    36  memcpya.o(.text)
    __aeabi_memcpy4                          0x0800e923   Thumb Code     0  memcpya.o(.text)
    __aeabi_memcpy8                          0x0800e923   Thumb Code     0  memcpya.o(.text)
    __aeabi_memset                           0x0800e947   Thumb Code    14  memseta.o(.text)
    __aeabi_memset4                          0x0800e947   Thumb Code     0  memseta.o(.text)
    __aeabi_memset8                          0x0800e947   Thumb Code     0  memseta.o(.text)
    __aeabi_memclr                           0x0800e955   Thumb Code     4  memseta.o(.text)
    __aeabi_memclr4                          0x0800e955   Thumb Code     0  memseta.o(.text)
    __aeabi_memclr8                          0x0800e955   Thumb Code     0  memseta.o(.text)
    _memset$wrapper                          0x0800e959   Thumb Code    18  memseta.o(.text)
    strstr                                   0x0800e96b   Thumb Code    36  strstr.o(.text)
    strlen                                   0x0800e98f   Thumb Code    14  strlen.o(.text)
    strcmp                                   0x0800e99d   Thumb Code    28  strcmp.o(.text)
    strcpy                                   0x0800e9b9   Thumb Code    18  strcpy.o(.text)
    __aeabi_fadd                             0x0800e9cb   Thumb Code   164  fadd.o(.text)
    __aeabi_fsub                             0x0800ea6f   Thumb Code     6  fadd.o(.text)
    __aeabi_frsub                            0x0800ea75   Thumb Code     6  fadd.o(.text)
    __aeabi_fmul                             0x0800ea7b   Thumb Code   100  fmul.o(.text)
    __aeabi_fdiv                             0x0800eadf   Thumb Code   124  fdiv.o(.text)
    __aeabi_dmul                             0x0800eb5b   Thumb Code   228  dmul.o(.text)
    __aeabi_i2f                              0x0800ec3f   Thumb Code    18  fflti.o(.text)
    __aeabi_i2d                              0x0800ec51   Thumb Code    34  dflti.o(.text)
    __aeabi_f2iz                             0x0800ec73   Thumb Code    50  ffixi.o(.text)
    __aeabi_f2d                              0x0800eca5   Thumb Code    38  f2d.o(.text)
    __aeabi_d2f                              0x0800eccb   Thumb Code    56  d2f.o(.text)
    __aeabi_llsl                             0x0800ed03   Thumb Code    30  llshl.o(.text)
    _ll_shift_l                              0x0800ed03   Thumb Code     0  llshl.o(.text)
    __aeabi_llsr                             0x0800ed21   Thumb Code    32  llushr.o(.text)
    _ll_ushift_r                             0x0800ed21   Thumb Code     0  llushr.o(.text)
    __I$use$fp                               0x0800ed41   Thumb Code     0  iusefp.o(.text)
    _float_round                             0x0800ed41   Thumb Code    18  fepilogue.o(.text)
    _float_epilogue                          0x0800ed53   Thumb Code    92  fepilogue.o(.text)
    _double_round                            0x0800edaf   Thumb Code    30  depilogue.o(.text)
    _double_epilogue                         0x0800edcd   Thumb Code   156  depilogue.o(.text)
    __scatterload                            0x0800ee69   Thumb Code    28  init.o(.text)
    __scatterload_rt2                        0x0800ee69   Thumb Code     0  init.o(.text)
    __decompress                             0x0800ee8d   Thumb Code     0  __dczerorl2.o(.text)
    __decompress1                            0x0800ee8d   Thumb Code    86  __dczerorl2.o(.text)
    OSStartHighRdy                           0x0800eee5   Thumb Code     0  os_cpu_a.o(CODE)
    OSCtxSw                                  0x0800ef07   Thumb Code     0  os_cpu_a.o(CODE)
    OSIntCtxSw                               0x0800ef11   Thumb Code     0  os_cpu_a.o(CODE)
    PendSV_Handler                           0x0800ef1b   Thumb Code     0  os_cpu_a.o(CODE)
    __scatterload_copy                       0x0800ef7d   Thumb Code    14  handlers.o(i.__scatterload_copy)
    __scatterload_null                       0x0800ef8b   Thumb Code     2  handlers.o(i.__scatterload_null)
    __scatterload_zeroinit                   0x0800ef8d   Thumb Code    14  handlers.o(i.__scatterload_zeroinit)
    CPU_EndiannessTest                       0x0800f09c   Data           4  cpu_core.o(.constdata)
    OSCfg_IdleTaskStkBasePtr                 0x0800f134   Data           4  os_cfg_app.o(.constdata)
    OSCfg_IdleTaskStkLimit                   0x0800f138   Data           4  os_cfg_app.o(.constdata)
    OSCfg_IdleTaskStkSize                    0x0800f13c   Data           4  os_cfg_app.o(.constdata)
    OSCfg_IdleTaskStkSizeRAM                 0x0800f140   Data           4  os_cfg_app.o(.constdata)
    OSCfg_IntQBasePtr                        0x0800f144   Data           4  os_cfg_app.o(.constdata)
    OSCfg_IntQSize                           0x0800f148   Data           2  os_cfg_app.o(.constdata)
    OSCfg_IntQSizeRAM                        0x0800f14c   Data           4  os_cfg_app.o(.constdata)
    OSCfg_IntQTaskStkBasePtr                 0x0800f150   Data           4  os_cfg_app.o(.constdata)
    OSCfg_IntQTaskStkLimit                   0x0800f154   Data           4  os_cfg_app.o(.constdata)
    OSCfg_IntQTaskStkSize                    0x0800f158   Data           4  os_cfg_app.o(.constdata)
    OSCfg_IntQTaskStkSizeRAM                 0x0800f15c   Data           4  os_cfg_app.o(.constdata)
    OSCfg_ISRStkBasePtr                      0x0800f160   Data           4  os_cfg_app.o(.constdata)
    OSCfg_ISRStkSize                         0x0800f164   Data           4  os_cfg_app.o(.constdata)
    OSCfg_ISRStkSizeRAM                      0x0800f168   Data           4  os_cfg_app.o(.constdata)
    OSCfg_MsgPoolSize                        0x0800f16c   Data           2  os_cfg_app.o(.constdata)
    OSCfg_MsgPoolSizeRAM                     0x0800f170   Data           4  os_cfg_app.o(.constdata)
    OSCfg_MsgPoolBasePtr                     0x0800f174   Data           4  os_cfg_app.o(.constdata)
    OSCfg_StatTaskPrio                       0x0800f178   Data           1  os_cfg_app.o(.constdata)
    OSCfg_StatTaskRate_Hz                    0x0800f17c   Data           4  os_cfg_app.o(.constdata)
    OSCfg_StatTaskStkBasePtr                 0x0800f180   Data           4  os_cfg_app.o(.constdata)
    OSCfg_StatTaskStkLimit                   0x0800f184   Data           4  os_cfg_app.o(.constdata)
    OSCfg_StatTaskStkSize                    0x0800f188   Data           4  os_cfg_app.o(.constdata)
    OSCfg_StatTaskStkSizeRAM                 0x0800f18c   Data           4  os_cfg_app.o(.constdata)
    OSCfg_StkSizeMin                         0x0800f190   Data           4  os_cfg_app.o(.constdata)
    OSCfg_TickRate_Hz                        0x0800f194   Data           4  os_cfg_app.o(.constdata)
    OSCfg_TickTaskPrio                       0x0800f198   Data           1  os_cfg_app.o(.constdata)
    OSCfg_TickTaskStkBasePtr                 0x0800f19c   Data           4  os_cfg_app.o(.constdata)
    OSCfg_TickTaskStkLimit                   0x0800f1a0   Data           4  os_cfg_app.o(.constdata)
    OSCfg_TickTaskStkSize                    0x0800f1a4   Data           4  os_cfg_app.o(.constdata)
    OSCfg_TickTaskStkSizeRAM                 0x0800f1a8   Data           4  os_cfg_app.o(.constdata)
    OSCfg_TickWheelSize                      0x0800f1ac   Data           2  os_cfg_app.o(.constdata)
    OSCfg_TickWheelSizeRAM                   0x0800f1b0   Data           4  os_cfg_app.o(.constdata)
    OSCfg_TmrTaskPrio                        0x0800f1b4   Data           1  os_cfg_app.o(.constdata)
    OSCfg_TmrTaskRate_Hz                     0x0800f1b8   Data           4  os_cfg_app.o(.constdata)
    OSCfg_TmrTaskStkBasePtr                  0x0800f1bc   Data           4  os_cfg_app.o(.constdata)
    OSCfg_TmrTaskStkLimit                    0x0800f1c0   Data           4  os_cfg_app.o(.constdata)
    OSCfg_TmrTaskStkSize                     0x0800f1c4   Data           4  os_cfg_app.o(.constdata)
    OSCfg_TmrTaskStkSizeRAM                  0x0800f1c8   Data           4  os_cfg_app.o(.constdata)
    OSCfg_TmrWheelSize                       0x0800f1cc   Data           2  os_cfg_app.o(.constdata)
    OSCfg_TmrWheelSizeRAM                    0x0800f1d0   Data           4  os_cfg_app.o(.constdata)
    OSCfg_DataSizeRAM                        0x0800f1d4   Data           4  os_cfg_app.o(.constdata)
    OSDbg_DbgEn                              0x0800f1d8   Data           2  os_dbg.o(.constdata)
    OSDbg_ArgChkEn                           0x0800f1da   Data           1  os_dbg.o(.constdata)
    OSDbg_AppHooksEn                         0x0800f1db   Data           1  os_dbg.o(.constdata)
    OSDbg_EndiannessTest                     0x0800f1dc   Data           4  os_dbg.o(.constdata)
    OSDbg_CalledFromISRChkEn                 0x0800f1e0   Data           1  os_dbg.o(.constdata)
    OSDbg_FlagEn                             0x0800f1e1   Data           1  os_dbg.o(.constdata)
    OSDbg_FlagGrp                            0x0800f1e4   Data          40  os_dbg.o(.constdata)
    OSDbg_FlagDelEn                          0x0800f20c   Data           1  os_dbg.o(.constdata)
    OSDbg_FlagModeClrEn                      0x0800f20d   Data           1  os_dbg.o(.constdata)
    OSDbg_FlagPendAbortEn                    0x0800f20e   Data           1  os_dbg.o(.constdata)
    OSDbg_FlagGrpSize                        0x0800f210   Data           2  os_dbg.o(.constdata)
    OSDbg_FlagWidth                          0x0800f212   Data           2  os_dbg.o(.constdata)
    OSDbg_IntQ                               0x0800f214   Data           2  os_dbg.o(.constdata)
    OSDbg_ISRPostDeferredEn                  0x0800f216   Data           1  os_dbg.o(.constdata)
    OSDbg_Mem                                0x0800f218   Data          32  os_dbg.o(.constdata)
    OSDbg_MemEn                              0x0800f238   Data           1  os_dbg.o(.constdata)
    OSDbg_MemSize                            0x0800f23a   Data           2  os_dbg.o(.constdata)
    OSDbg_MsgEn                              0x0800f23c   Data           1  os_dbg.o(.constdata)
    OSDbg_MsgSize                            0x0800f23e   Data           2  os_dbg.o(.constdata)
    OSDbg_MsgPoolSize                        0x0800f240   Data           2  os_dbg.o(.constdata)
    OSDbg_MsgQSize                           0x0800f242   Data           2  os_dbg.o(.constdata)
    OSDbg_Mutex                              0x0800f244   Data          44  os_dbg.o(.constdata)
    OSDbg_MutexEn                            0x0800f270   Data           1  os_dbg.o(.constdata)
    OSDbg_MutexDelEn                         0x0800f271   Data           1  os_dbg.o(.constdata)
    OSDbg_MutexPendAbortEn                   0x0800f272   Data           1  os_dbg.o(.constdata)
    OSDbg_MutexSize                          0x0800f274   Data           2  os_dbg.o(.constdata)
    OSDbg_ObjTypeChkEn                       0x0800f276   Data           1  os_dbg.o(.constdata)
    OSDbg_PendMultiEn                        0x0800f277   Data           1  os_dbg.o(.constdata)
    OSDbg_PendDataSize                       0x0800f278   Data           2  os_dbg.o(.constdata)
    OSDbg_PendListSize                       0x0800f27a   Data           2  os_dbg.o(.constdata)
    OSDbg_PendObjSize                        0x0800f27c   Data           2  os_dbg.o(.constdata)
    OSDbg_PrioMax                            0x0800f27e   Data           2  os_dbg.o(.constdata)
    OSDbg_PrioTblSize                        0x0800f280   Data           2  os_dbg.o(.constdata)
    OSDbg_PtrSize                            0x0800f282   Data           2  os_dbg.o(.constdata)
    OSDbg_Q                                  0x0800f284   Data          48  os_dbg.o(.constdata)
    OSDbg_QEn                                0x0800f2b4   Data           1  os_dbg.o(.constdata)
    OSDbg_QDelEn                             0x0800f2b5   Data           1  os_dbg.o(.constdata)
    OSDbg_QFlushEn                           0x0800f2b6   Data           1  os_dbg.o(.constdata)
    OSDbg_QPendAbortEn                       0x0800f2b7   Data           1  os_dbg.o(.constdata)
    OSDbg_QSize                              0x0800f2b8   Data           2  os_dbg.o(.constdata)
    OSDbg_SchedRoundRobinEn                  0x0800f2ba   Data           1  os_dbg.o(.constdata)
    OSDbg_Sem                                0x0800f2bc   Data          40  os_dbg.o(.constdata)
    OSDbg_SemEn                              0x0800f2e4   Data           1  os_dbg.o(.constdata)
    OSDbg_SemDelEn                           0x0800f2e5   Data           1  os_dbg.o(.constdata)
    OSDbg_SemPendAbortEn                     0x0800f2e6   Data           1  os_dbg.o(.constdata)
    OSDbg_SemSetEn                           0x0800f2e7   Data           1  os_dbg.o(.constdata)
    OSDbg_SemSize                            0x0800f2e8   Data           2  os_dbg.o(.constdata)
    OSDbg_RdyList                            0x0800f2ea   Data           2  os_dbg.o(.constdata)
    OSDbg_RdyListSize                        0x0800f2ec   Data           4  os_dbg.o(.constdata)
    OSDbg_StkWidth                           0x0800f2f0   Data           1  os_dbg.o(.constdata)
    OSDbg_StatTaskEn                         0x0800f2f1   Data           1  os_dbg.o(.constdata)
    OSDbg_StatTaskStkChkEn                   0x0800f2f2   Data           1  os_dbg.o(.constdata)
    OSDbg_TaskChangePrioEn                   0x0800f2f3   Data           1  os_dbg.o(.constdata)
    OSDbg_TaskDelEn                          0x0800f2f4   Data           1  os_dbg.o(.constdata)
    OSDbg_TaskQEn                            0x0800f2f5   Data           1  os_dbg.o(.constdata)
    OSDbg_TaskQPendAbortEn                   0x0800f2f6   Data           1  os_dbg.o(.constdata)
    OSDbg_TaskProfileEn                      0x0800f2f7   Data           1  os_dbg.o(.constdata)
    OSDbg_TaskRegTblSize                     0x0800f2f8   Data           2  os_dbg.o(.constdata)
    OSDbg_TaskSemPendAbortEn                 0x0800f2fa   Data           1  os_dbg.o(.constdata)
    OSDbg_TaskSuspendEn                      0x0800f2fb   Data           1  os_dbg.o(.constdata)
    OSDbg_TCBSize                            0x0800f2fc   Data           2  os_dbg.o(.constdata)
    OSDbg_TickSpokeSize                      0x0800f2fe   Data           2  os_dbg.o(.constdata)
    OSDbg_TimeDlyHMSMEn                      0x0800f300   Data           1  os_dbg.o(.constdata)
    OSDbg_TimeDlyResumeEn                    0x0800f301   Data           1  os_dbg.o(.constdata)
    OSDbg_TLS_TblSize                        0x0800f302   Data           2  os_dbg.o(.constdata)
    OSDbg_Tmr                                0x0800f304   Data          52  os_dbg.o(.constdata)
    OSDbg_TmrEn                              0x0800f338   Data           1  os_dbg.o(.constdata)
    OSDbg_TmrDelEn                           0x0800f339   Data           1  os_dbg.o(.constdata)
    OSDbg_TmrSize                            0x0800f33a   Data           2  os_dbg.o(.constdata)
    OSDbg_TmrSpokeSize                       0x0800f33c   Data           2  os_dbg.o(.constdata)
    OSDbg_VersionNbr                         0x0800f33e   Data           2  os_dbg.o(.constdata)
    OSDbg_DataSize                           0x0800f340   Data           4  os_dbg.o(.constdata)
    Region$$Table$$Base                      0x0800f344   Number         0  anon$$obj.o(Region$$Table)
    Region$$Table$$Limit                     0x0800f364   Number         0  anon$$obj.o(Region$$Table)
    Magn_Flag                                0x20000000   Data           4  stm32f10x_it.o(.data)
    DataReady                                0x20000004   Data           1  stm32f10x_it.o(.data)
    mpu_acce                                 0x20000006   Data           6  stm32f10x_it.o(.data)
    mpu_gyro                                 0x2000000c   Data           6  stm32f10x_it.o(.data)
    mpu_magn                                 0x20000012   Data           6  stm32f10x_it.o(.data)
    OS_Start_Flag                            0x20000018   Data           1  stm32f10x_it.o(.data)
    count_id                                 0x2000001a   Data           2  stm32f10x_it.o(.data)
    err                                      0x2000001c   Data           2  stm32f10x_it.o(.data)
    Uart1_Rx                                 0x2000001e   Data           1  stm32f10x_it.o(.data)
    Uart1_Sta                                0x2000001f   Data           1  stm32f10x_it.o(.data)
    Clear                                    0x20000020   Data           1  stm32f10x_it.o(.data)
    Uart3_Rx                                 0x20000021   Data           1  stm32f10x_it.o(.data)
    Uart3_Sta                                0x20000022   Data           1  stm32f10x_it.o(.data)
    mpu_accel_cali                           0x20000024   Data           6  mpu9250.o(.data)
    mpu_gyro_cali                            0x2000002a   Data           6  mpu9250.o(.data)
    Sensitivity_adj_data                     0x20000030   Data           3  mpu9250.o(.data)
    ASA                                      0x20000034   Data          12  mpu9250.o(.data)
    i2c_dev                                  0x20000040   Data           1  mpu9250.o(.data)
    TX_DATA                                  0x20000041   Data           4  mpu9250.o(.data)
    T_X                                      0x20000046   Data           2  mpu9250.o(.data)
    T_Y                                      0x20000048   Data           2  mpu9250.o(.data)
    T_Z                                      0x2000004a   Data           2  mpu9250.o(.data)
    T_T                                      0x2000004c   Data           2  mpu9250.o(.data)
    CMC                                      0x20000050   Data           4  ble103.o(.data)
    CMCOF                                    0x20000054   Data           4  ble103.o(.data)
    qq                                       0x20000058   Data           1  ble103.o(.data)
    SystemCoreClock                          0x20000060   Data           4  system_stm32f10x.o(.data)
    AHBPrescTable                            0x20000064   Data          16  system_stm32f10x.o(.data)
    CPU_TS_TmrFreq_Hz                        0x20000088   Data           4  cpu_core.o(.data)
    Mem_PoolTbl                              0x2000008c   Data           4  lib_mem.o(.data)
    OSPrioTbl                                0x20000090   Data           8  os_prio.o(.data)
    OS_AppTaskCreateHookPtr                  0x20000098   Data           4  os_var.o(.data)
    OS_AppTaskDelHookPtr                     0x2000009c   Data           4  os_var.o(.data)
    OS_AppTaskReturnHookPtr                  0x200000a0   Data           4  os_var.o(.data)
    OS_AppIdleTaskHookPtr                    0x200000a4   Data           4  os_var.o(.data)
    OS_AppStatTaskHookPtr                    0x200000a8   Data           4  os_var.o(.data)
    OS_AppTaskSwHookPtr                      0x200000ac   Data           4  os_var.o(.data)
    OS_AppTimeTickHookPtr                    0x200000b0   Data           4  os_var.o(.data)
    OSIdleTaskCtr                            0x200000b4   Data           4  os_var.o(.data)
    OSIntNestingCtr                          0x200000b8   Data           1  os_var.o(.data)
    OSRunning                                0x200000b9   Data           1  os_var.o(.data)
    OSIntQInPtr                              0x200000bc   Data           4  os_var.o(.data)
    OSIntQOutPtr                             0x200000c0   Data           4  os_var.o(.data)
    OSIntQNbrEntries                         0x200000c4   Data           2  os_var.o(.data)
    OSIntQNbrEntriesMax                      0x200000c6   Data           2  os_var.o(.data)
    OSIntQOvfCtr                             0x200000c8   Data           2  os_var.o(.data)
    OSIntQTaskTimeMax                        0x200000cc   Data           4  os_var.o(.data)
    OSFlagDbgListPtr                         0x200000d0   Data           4  os_var.o(.data)
    OSFlagQty                                0x200000d4   Data           2  os_var.o(.data)
    OSMemDbgListPtr                          0x200000d8   Data           4  os_var.o(.data)
    OSMemQty                                 0x200000dc   Data           2  os_var.o(.data)
    OSMutexDbgListPtr                        0x200000e0   Data           4  os_var.o(.data)
    OSMutexQty                               0x200000e4   Data           2  os_var.o(.data)
    OSPrioCur                                0x200000e6   Data           1  os_var.o(.data)
    OSPrioHighRdy                            0x200000e7   Data           1  os_var.o(.data)
    OSPrioSaved                              0x200000e8   Data           1  os_var.o(.data)
    OSQDbgListPtr                            0x200000ec   Data           4  os_var.o(.data)
    OSQQty                                   0x200000f0   Data           2  os_var.o(.data)
    OSSchedLockTimeBegin                     0x200000f4   Data           4  os_var.o(.data)
    OSSchedLockTimeMax                       0x200000f8   Data           4  os_var.o(.data)
    OSSchedLockTimeMaxCur                    0x200000fc   Data           4  os_var.o(.data)
    OSSchedLockNestingCtr                    0x20000100   Data           1  os_var.o(.data)
    OSSchedRoundRobinDfltTimeQuanta          0x20000104   Data           4  os_var.o(.data)
    OSSchedRoundRobinEn                      0x20000108   Data           1  os_var.o(.data)
    OSSemDbgListPtr                          0x2000010c   Data           4  os_var.o(.data)
    OSSemQty                                 0x20000110   Data           2  os_var.o(.data)
    OSStatResetFlag                          0x20000112   Data           1  os_var.o(.data)
    OSStatTaskCPUUsage                       0x20000114   Data           2  os_var.o(.data)
    OSStatTaskCPUUsageMax                    0x20000116   Data           2  os_var.o(.data)
    OSStatTaskCtr                            0x20000118   Data           4  os_var.o(.data)
    OSStatTaskCtrMax                         0x2000011c   Data           4  os_var.o(.data)
    OSStatTaskCtrRun                         0x20000120   Data           4  os_var.o(.data)
    OSStatTaskRdy                            0x20000124   Data           1  os_var.o(.data)
    OSStatTaskTimeMax                        0x20000128   Data           4  os_var.o(.data)
    OSTaskCtxSwCtr                           0x2000012c   Data           4  os_var.o(.data)
    OSTaskDbgListPtr                         0x20000130   Data           4  os_var.o(.data)
    OSTaskQty                                0x20000134   Data           2  os_var.o(.data)
    OSTaskRegNextAvailID                     0x20000136   Data           1  os_var.o(.data)
    OSTickCtr                                0x20000138   Data           4  os_var.o(.data)
    OSTickTaskTimeMax                        0x2000013c   Data           4  os_var.o(.data)
    OSTmrDbgListPtr                          0x20000140   Data           4  os_var.o(.data)
    OSTmrQty                                 0x20000144   Data           2  os_var.o(.data)
    OSTmrTaskTimeMax                         0x20000148   Data           4  os_var.o(.data)
    OSTmrTickCtr                             0x2000014c   Data           4  os_var.o(.data)
    OSTmrUpdateCnt                           0x20000150   Data           4  os_var.o(.data)
    OSTmrUpdateCtr                           0x20000154   Data           4  os_var.o(.data)
    OSTCBCurPtr                              0x20000158   Data           4  os_var.o(.data)
    OSTCBHighRdyPtr                          0x2000015c   Data           4  os_var.o(.data)
    OS_CPU_ExceptStkBase                     0x20000160   Data           4  os_cpu_c.o(.data)
    StartTaskTCB                             0x20000164   Data         196  main.o(.bss)
    START_TASK_STK                           0x20000228   Data         512  main.o(.bss)
    Uart1_Buffer                             0x20000428   Data         128  stm32f10x_it.o(.bss)
    Uart3_Buffer                             0x200004a8   Data         128  stm32f10x_it.o(.bss)
    mpu_magn_cali                            0x20000528   Data          12  mpu9250.o(.bss)
    Raw_Data                                 0x20000560   Data          36  mpu9250.o(.bss)
    Cali_Data                                0x20000584   Data          36  mpu9250.o(.bss)
    BUF                                      0x200005a8   Data          10  mpu9250.o(.bss)
    STMFLASH_BUF                             0x200005b2   Data        1024  stmflash.o(.bss)
    BLE1                                     0x200009b4   Data         432  ble103.o(.bss)
    BLE2                                     0x20000b64   Data         432  ble103.o(.bss)
    MY_SEM                                   0x20000d14   Data          40  ble103.o(.bss)
    BLED_Blink3_TaskTCB                      0x20000d3c   Data         196  task.o(.bss)
    BLED_Blink3_TASK_STK                     0x20000e00   Data         512  task.o(.bss)
    GLED_Blink3_TaskTCB                      0x20001000   Data         196  task.o(.bss)
    GLED_Blink3_TASK_STK                     0x200010c4   Data         512  task.o(.bss)
    RLED_Blink3_TaskTCB                      0x200012c4   Data         196  task.o(.bss)
    RLED_Blink3_TASK_STK                     0x20001388   Data         512  task.o(.bss)
    Get_MPU_Data_TaskTCB                     0x20001588   Data         196  task.o(.bss)
    Get_MPU_Data_TASK_STK                    0x2000164c   Data        1024  task.o(.bss)
    CheckBLE1_LINKsta_TaskTCB                0x20001a4c   Data         196  task.o(.bss)
    CheckBLE1_LINKsta_TASK_STK               0x20001b10   Data         512  task.o(.bss)
    CheckBLE2_LINKsta_TaskTCB                0x20001d10   Data         196  task.o(.bss)
    CheckBLE2_LINKsta_TASK_STK               0x20001dd4   Data         512  task.o(.bss)
    MeasureEvent                             0x20001fd4   Data          40  task.o(.bss)
    CPU_Name                                 0x20001ffc   Data          16  cpu_core.o(.bss)
    Mem_PoolHeap                             0x2000200c   Data          72  lib_mem.o(.bss)
    Mem_Heap                                 0x20002054   Data        1024  lib_mem.o(.bss)
    OSCfg_IdleTaskStk                        0x20002454   Data         512  os_cfg_app.o(.bss)
    OSCfg_IntQ                               0x20002654   Data         320  os_cfg_app.o(.bss)
    OSCfg_IntQTaskStk                        0x20002794   Data         512  os_cfg_app.o(.bss)
    OSCfg_ISRStk                             0x20002994   Data         512  os_cfg_app.o(.bss)
    OSCfg_MsgPool                            0x20002b94   Data        1600  os_cfg_app.o(.bss)
    OSCfg_StatTaskStk                        0x200031d4   Data         512  os_cfg_app.o(.bss)
    OSCfg_TickTaskStk                        0x200033d4   Data         512  os_cfg_app.o(.bss)
    OSCfg_TickWheel                          0x200035d4   Data         136  os_cfg_app.o(.bss)
    OSCfg_TmrTaskStk                         0x2000365c   Data         512  os_cfg_app.o(.bss)
    OSCfg_TmrWheel                           0x2000385c   Data         136  os_cfg_app.o(.bss)
    OSIdleTaskTCB                            0x200038e4   Data         196  os_var.o(.bss)
    OSIntQTaskTCB                            0x200039a8   Data         196  os_var.o(.bss)
    OSMsgPool                                0x20003a6c   Data          12  os_var.o(.bss)
    OSRdyList                                0x20003a78   Data         768  os_var.o(.bss)
    OSStatTaskTCB                            0x20003d78   Data         196  os_var.o(.bss)
    OSTickTaskTCB                            0x20003e3c   Data         196  os_var.o(.bss)
    OSTmrTaskTCB                             0x20003f00   Data         196  os_var.o(.bss)
    __initial_sp                             0x200043c8   Data           0  startup_stm32f10x_md.o(STACK)



==============================================================================

Memory Map of the image

  Image Entry point : 0x080000ed

  Load Region LR_IROM1 (Base: 0x08000000, Size: 0x0000f4c8, Max: 0x00020000, ABSOLUTE, COMPRESSED[0x0000f388])

    Execution Region ER_IROM1 (Base: 0x08000000, Size: 0x0000f364, Max: 0x00020000, ABSOLUTE)

    Base Addr    Size         Type   Attr      Idx    E Section Name        Object

    0x08000000   0x000000ec   Data   RO          489    RESET               startup_stm32f10x_md.o
    0x080000ec   0x00000000   Code   RO         1088  * .ARM.Collect$$$$00000000  mc_w.l(entry.o)
    0x080000ec   0x00000004   Code   RO         1416    .ARM.Collect$$$$00000001  mc_w.l(entry2.o)
    0x080000f0   0x00000004   Code   RO         1419    .ARM.Collect$$$$00000004  mc_w.l(entry5.o)
    0x080000f4   0x00000000   Code   RO         1421    .ARM.Collect$$$$00000008  mc_w.l(entry7b.o)
    0x080000f4   0x00000000   Code   RO         1423    .ARM.Collect$$$$0000000A  mc_w.l(entry8b.o)
    0x080000f4   0x00000008   Code   RO         1424    .ARM.Collect$$$$0000000B  mc_w.l(entry9a.o)
    0x080000fc   0x00000000   Code   RO         1426    .ARM.Collect$$$$0000000D  mc_w.l(entry10a.o)
    0x080000fc   0x00000000   Code   RO         1428    .ARM.Collect$$$$0000000F  mc_w.l(entry11a.o)
    0x080000fc   0x00000004   Code   RO         1417    .ARM.Collect$$$$00002712  mc_w.l(entry2.o)
    0x08000100   0x000002e4   Code   RO            1    .text               main.o
    0x080003e4   0x0000039c   Code   RO          164    .text               stm32f10x_it.o
    0x08000780   0x00000ac4   Code   RO          223    .text               mpu9250.o
    0x08001244   0x00000398   Code   RO          277    .text               stm32_iic.o
    0x080015dc   0x00000134   Code   RO          289    .text               stmflash.o
    0x08001710   0x00001148   Code   RO          342    .text               ble103.o
    0x08002858   0x00000618   Code   RO          361    .text               task.o
    0x08002e70   0x00000128   Code   RO          379    .text               power.o
    0x08002f98   0x00000070   Code   RO          409    .text               led.o
    0x08003008   0x0000018c   Code   RO          421    .text               delay.o
    0x08003194   0x000000d4   Code   RO          455    .text               key.o
    0x08003268   0x00000024   Code   RO          490    .text               startup_stm32f10x_md.o
    0x0800328c   0x000001f0   Code   RO          494    .text               system_stm32f10x.o
    0x0800347c   0x000000dc   Code   RO          512    .text               misc.o
    0x08003558   0x0000035c   Code   RO          524    .text               stm32f10x_gpio.o
    0x080038b4   0x00000408   Code   RO          536    .text               stm32f10x_usart.o
    0x08003cbc   0x000003ac   Code   RO          548    .text               stm32f10x_rcc.o
    0x08004068   0x0000011c   Code   RO          601    .text               stm32f10x_exti.o
    0x08004184   0x000005bc   Code   RO          613    .text               stm32f10x_flash.o
    0x08004740   0x000000cc   Code   RO          640    .text               stm32f10x_pwr.o
    0x0800480c   0x00000e1a   Code   RO          679    .text               stm32f10x_tim.o
    0x08005626   0x00000002   PAD
    0x08005628   0x00000084   Code   RO          691    .text               bsp.o
    0x080056ac   0x000002a8   Code   RO          706    .text               cpu_core.o
    0x08005954   0x00000034   Code   RO          744    .text               cpu_a.o
    0x08005988   0x00000256   Code   RO          747    .text               lib_ascii.o
    0x08005bde   0x00000002   PAD
    0x08005be0   0x000009c6   Code   RO          780    .text               lib_mem.o
    0x080065a6   0x00000002   PAD
    0x080065a8   0x0000092c   Code   RO          799    .text               lib_str.o
    0x08006ed4   0x00000220   Code   RO          816    .text               lib_mem_a.o
    0x080070f4   0x000000fc   Code   RO          819    .text               os_cfg_app.o
    0x080071f0   0x00000df0   Code   RO          842    .text               os_core.o
    0x08007fe0   0x000001b0   Code   RO          854    .text               os_dbg.o
    0x08008190   0x00000e28   Code   RO          869    .text               os_flag.o
    0x08008fb8   0x00000444   Code   RO          881    .text               os_int.o
    0x080093fc   0x00000238   Code   RO          893    .text               os_mem.o
    0x08009634   0x0000022c   Code   RO          905    .text               os_msg.o
    0x08009860   0x00000ad4   Code   RO          917    .text               os_mutex.o
    0x0800a334   0x0000007c   Code   RO          935    .text               os_prio.o
    0x0800a3b0   0x000008d8   Code   RO          954    .text               os_q.o
    0x0800ac88   0x00000830   Code   RO          966    .text               os_sem.o
    0x0800b4b8   0x00000638   Code   RO          978    .text               os_stat.o
    0x0800baf0   0x000018f8   Code   RO          990    .text               os_task.o
    0x0800d3e8   0x000004fc   Code   RO         1002    .text               os_tick.o
    0x0800d8e4   0x00000564   Code   RO         1014    .text               os_time.o
    0x0800de48   0x00000818   Code   RO         1026    .text               os_tmr.o
    0x0800e660   0x00000260   Code   RO         1055    .text               os_cpu_c.o
    0x0800e8c0   0x00000062   Code   RO         1091    .text               mc_w.l(uldiv.o)
    0x0800e922   0x00000024   Code   RO         1093    .text               mc_w.l(memcpya.o)
    0x0800e946   0x00000024   Code   RO         1095    .text               mc_w.l(memseta.o)
    0x0800e96a   0x00000024   Code   RO         1097    .text               mc_w.l(strstr.o)
    0x0800e98e   0x0000000e   Code   RO         1099    .text               mc_w.l(strlen.o)
    0x0800e99c   0x0000001c   Code   RO         1101    .text               mc_w.l(strcmp.o)
    0x0800e9b8   0x00000012   Code   RO         1103    .text               mc_w.l(strcpy.o)
    0x0800e9ca   0x000000b0   Code   RO         1396    .text               mf_w.l(fadd.o)
    0x0800ea7a   0x00000064   Code   RO         1398    .text               mf_w.l(fmul.o)
    0x0800eade   0x0000007c   Code   RO         1400    .text               mf_w.l(fdiv.o)
    0x0800eb5a   0x000000e4   Code   RO         1402    .text               mf_w.l(dmul.o)
    0x0800ec3e   0x00000012   Code   RO         1404    .text               mf_w.l(fflti.o)
    0x0800ec50   0x00000022   Code   RO         1408    .text               mf_w.l(dflti.o)
    0x0800ec72   0x00000032   Code   RO         1410    .text               mf_w.l(ffixi.o)
    0x0800eca4   0x00000026   Code   RO         1412    .text               mf_w.l(f2d.o)
    0x0800ecca   0x00000038   Code   RO         1414    .text               mf_w.l(d2f.o)
    0x0800ed02   0x0000001e   Code   RO         1435    .text               mc_w.l(llshl.o)
    0x0800ed20   0x00000020   Code   RO         1437    .text               mc_w.l(llushr.o)
    0x0800ed40   0x00000000   Code   RO         1441    .text               mc_w.l(iusefp.o)
    0x0800ed40   0x0000006e   Code   RO         1442    .text               mf_w.l(fepilogue.o)
    0x0800edae   0x000000ba   Code   RO         1444    .text               mf_w.l(depilogue.o)
    0x0800ee68   0x00000024   Code   RO         1454    .text               mc_w.l(init.o)
    0x0800ee8c   0x00000056   Code   RO         1468    .text               mc_w.l(__dczerorl2.o)
    0x0800eee2   0x00000002   PAD
    0x0800eee4   0x00000098   Code   RO         1052    CODE                os_cpu_a.o
    0x0800ef7c   0x0000000e   Code   RO         1462    i.__scatterload_copy  mc_w.l(handlers.o)
    0x0800ef8a   0x00000002   Code   RO         1463    i.__scatterload_null  mc_w.l(handlers.o)
    0x0800ef8c   0x0000000e   Code   RO         1464    i.__scatterload_zeroinit  mc_w.l(handlers.o)
    0x0800ef9a   0x00000002   PAD
    0x0800ef9c   0x00000104   Data   RO          708    .constdata          cpu_core.o
    0x0800f0a0   0x00000094   Data   RO          800    .constdata          lib_str.o
    0x0800f134   0x000000a4   Data   RO          821    .constdata          os_cfg_app.o
    0x0800f1d8   0x0000016c   Data   RO          855    .constdata          os_dbg.o
    0x0800f344   0x00000020   Data   RO         1460    Region$$Table       anon$$obj.o


    Execution Region RW_IRAM1 (Base: 0x20000000, Size: 0x000043c8, Max: 0x00005000, ABSOLUTE, COMPRESSED[0x00000024])

    Base Addr    Size         Type   Attr      Idx    E Section Name        Object

    0x20000000   0x00000023   Data   RW          166    .data               stm32f10x_it.o
    0x20000023   0x00000001   PAD
    0x20000024   0x0000002a   Data   RW          225    .data               mpu9250.o
    0x2000004e   0x00000002   PAD
    0x20000050   0x00000009   Data   RW          344    .data               ble103.o
    0x20000059   0x00000001   PAD
    0x2000005a   0x00000004   Data   RW          422    .data               delay.o
    0x2000005e   0x00000002   PAD
    0x20000060   0x00000014   Data   RW          495    .data               system_stm32f10x.o
    0x20000074   0x00000014   Data   RW          549    .data               stm32f10x_rcc.o
    0x20000088   0x00000004   Data   RW          709    .data               cpu_core.o
    0x2000008c   0x00000004   Data   RW          782    .data               lib_mem.o
    0x20000090   0x00000008   Data   RW          936    .data               os_prio.o
    0x20000098   0x000000c8   Data   RW         1039    .data               os_var.o
    0x20000160   0x00000004   Data   RW         1056    .data               os_cpu_c.o
    0x20000164   0x000002c4   Zero   RW            2    .bss                main.o
    0x20000428   0x00000100   Zero   RW          165    .bss                stm32f10x_it.o
    0x20000528   0x0000008a   Zero   RW          224    .bss                mpu9250.o
    0x200005b2   0x00000400   Zero   RW          290    .bss                stmflash.o
    0x200009b2   0x00000002   PAD
    0x200009b4   0x00000388   Zero   RW          343    .bss                ble103.o
    0x20000d3c   0x000012c0   Zero   RW          362    .bss                task.o
    0x20001ffc   0x00000010   Zero   RW          707    .bss                cpu_core.o
    0x2000200c   0x00000448   Zero   RW          781    .bss                lib_mem.o
    0x20002454   0x00001490   Zero   RW          820    .bss                os_cfg_app.o
    0x200038e4   0x000006e0   Zero   RW         1038    .bss                os_var.o
    0x20003fc4   0x00000004   PAD
    0x20003fc8   0x00000400   Zero   RW          487    STACK               startup_stm32f10x_md.o


==============================================================================

Image component sizes


      Code (inc. data)   RO Data    RW Data    ZI Data      Debug   Object Name

      4424        388          0          9        904      12836   ble103.o
       132         12          0          0          0       1127   bsp.o
        52          0          0          0          0        332   cpu_a.o
       680         14        260          4         16      14223   cpu_core.o
       396         30          0          4          0       2237   delay.o
       212         10          0          0          0        623   key.o
       112          6          0          0          0        473   led.o
       598          0          0          0          0       3684   lib_ascii.o
      2502         32          0          4       1096      21708   lib_mem.o
       544          0          0          0          0        480   lib_mem_a.o
      2348          6        148          0          0      13034   lib_str.o
       740         36          0          0        708     316440   main.o
       220         22          0          0          0       1801   misc.o
      2756        150          0         42        138       5904   mpu9250.o
       252        166        164          0       5264      20866   os_cfg_app.o
      3568        284          0          0          0      12005   os_core.o
       152         32          0          0          0        388   os_cpu_a.o
       608         64          0          4          0       3697   os_cpu_c.o
       432        286        364          0          0       4725   os_dbg.o
      3624        110          0          0          0       7675   os_flag.o
      1092        146          0          0          0       2252   os_int.o
       568         20          0          0          0       2648   os_mem.o
       556         12          0          0          0       2707   os_msg.o
      2772        114          0          0          0       5366   os_mutex.o
       124          4          0          8          0       1720   os_prio.o
      2264         76          0          0          0       6048   os_q.o
      2096         70          0          0          0       6064   os_sem.o
      1592        180          0          0          0       2749   os_stat.o
      6392        222          0          0          0      12332   os_task.o
      1276         90          0          0          0       3209   os_tick.o
      1380         46          0          0          0       3145   os_time.o
      2072        140          0          0          0       6246   os_tmr.o
         0          0          0        200       1760      19341   os_var.o
       296          8          0          0          0       1157   power.o
        36          8        236          0       1024        780   startup_stm32f10x_md.o
       920          6          0          0          0       4251   stm32_iic.o
       284         10          0          0          0       2239   stm32f10x_exti.o
      1468         34          0          0          0       8038   stm32f10x_flash.o
       860         38          0          0          0       5653   stm32f10x_gpio.o
       924         90          0         35        256      10636   stm32f10x_it.o
       204         14          0          0          0       1915   stm32f10x_pwr.o
       940         44          0         20          0       8820   stm32f10x_rcc.o
      3610         88          0          0          0      22136   stm32f10x_tim.o
      1032         22          0          0          0       8372   stm32f10x_usart.o
       308          8          0          0       1024       8639   stmflash.o
         0          0          0          0          0         32   sys.o
       496         44          0         20          0       1719   system_stm32f10x.o
      1560        222          0          0       4800       4335   task.o

    ----------------------------------------------------------------------
     59480       3404       1204        356      16996     606807   Object Totals
         0          0         32          0          0          0   (incl. Generated)
         6          0          0          6          6          0   (incl. Padding)

    ----------------------------------------------------------------------

      Code (inc. data)   RO Data    RW Data    ZI Data      Debug   Library Member Name

        86          0          0          0          0          0   __dczerorl2.o
         0          0          0          0          0          0   entry.o
         0          0          0          0          0          0   entry10a.o
         0          0          0          0          0          0   entry11a.o
         8          4          0          0          0          0   entry2.o
         4          0          0          0          0          0   entry5.o
         0          0          0          0          0          0   entry7b.o
         0          0          0          0          0          0   entry8b.o
         8          4          0          0          0          0   entry9a.o
        30          0          0          0          0          0   handlers.o
        36          8          0          0          0         68   init.o
         0          0          0          0          0          0   iusefp.o
        30          0          0          0          0         68   llshl.o
        32          0          0          0          0         68   llushr.o
        36          0          0          0          0         68   memcpya.o
        36          0          0          0          0        108   memseta.o
        28          0          0          0          0         76   strcmp.o
        18          0          0          0          0         68   strcpy.o
        14          0          0          0          0         68   strlen.o
        36          0          0          0          0         80   strstr.o
        98          0          0          0          0         92   uldiv.o
        56          0          0          0          0         88   d2f.o
       186          0          0          0          0        176   depilogue.o
        34          0          0          0          0         76   dflti.o
       228          0          0          0          0         96   dmul.o
        38          0          0          0          0         68   f2d.o
       176          0          0          0          0        140   fadd.o
       124          0          0          0          0         88   fdiv.o
       110          0          0          0          0        168   fepilogue.o
        50          0          0          0          0         68   ffixi.o
        18          0          0          0          0         68   fflti.o
       100          0          0          0          0         76   fmul.o

    ----------------------------------------------------------------------
      1624         16          0          0          0       1876   Library Totals
         4          0          0          0          0          0   (incl. Padding)

    ----------------------------------------------------------------------

      Code (inc. data)   RO Data    RW Data    ZI Data      Debug   Library Name

       500         16          0          0          0        764   mc_w.l
      1120          0          0          0          0       1112   mf_w.l

    ----------------------------------------------------------------------
      1624         16          0          0          0       1876   Library Totals

    ----------------------------------------------------------------------

==============================================================================


      Code (inc. data)   RO Data    RW Data    ZI Data      Debug   

     61104       3420       1204        356      16996     603611   Grand Totals
     61104       3420       1204         36      16996     603611   ELF Image Totals (compressed)
     61104       3420       1204         36          0          0   ROM Totals

==============================================================================

    Total RO  Size (Code + RO Data)                62308 (  60.85kB)
    Total RW  Size (RW Data + ZI Data)             17352 (  16.95kB)
    Total ROM Size (Code + RO Data + RW Data)      62344 (  60.88kB)

==============================================================================

